4.139: [GC 4.139: [ParNew
Desired survivor size 19169280 bytes, new threshold 1 (max 15)
- age   1:   33835520 bytes,   33835520 total
: 449408K->33238K(486848K), 0.0260450 secs] 449408K->33238K(4156864K), 0.0261010 secs] [Times: user=0.16 sys=0.01, real=0.03 secs] 
6.717: [GC 6.717: [ParNew
Desired survivor size 19169280 bytes, new threshold 1 (max 15)
- age   1:   30089528 bytes,   30089528 total
: 482646K->37440K(486848K), 0.1342200 secs] 482646K->81388K(4156864K), 0.1342760 secs] [Times: user=0.67 sys=0.07, real=0.13 secs] 
9.735: [GC 9.735: [ParNew
Desired survivor size 19169280 bytes, new threshold 1 (max 15)
- age   1:   38337600 bytes,   38337600 total
: 486848K->37440K(486848K), 0.1362700 secs] 530796K->181330K(4156864K), 0.1363220 secs] [Times: user=0.69 sys=0.02, real=0.14 secs] 
11.600: [GC 11.601: [ParNew
Desired survivor size 19169280 bytes, new threshold 15 (max 15)
- age   1:   15736720 bytes,   15736720 total
: 486848K->37440K(486848K), 0.0625100 secs] 630738K->230448K(4156864K), 0.0625650 secs] [Times: user=0.24 sys=0.02, real=0.06 secs] 
12.705: [GC 12.705: [ParNew
Desired survivor size 19169280 bytes, new threshold 1 (max 15)
- age   1:   19937240 bytes,   19937240 total
- age   2:   12782768 bytes,   32720008 total
: 486848K->37439K(486848K), 0.0235660 secs] 679856K->239028K(4156864K), 0.0236170 secs] [Times: user=0.07 sys=0.01, real=0.03 secs] 
15.164: [GC 15.164: [ParNew
Desired survivor size 19169280 bytes, new threshold 1 (max 15)
- age   1:   32708552 bytes,   32708552 total
: 486847K->37440K(486848K), 0.0485410 secs] 688436K->266878K(4156864K), 0.0486040 secs] [Times: user=0.24 sys=0.02, real=0.05 secs] 
18.389: [GC 18.389: [ParNew
Desired survivor size 19169280 bytes, new threshold 1 (max 15)
- age   1:   37291920 bytes,   37291920 total
: 486848K->37440K(486848K), 0.0622130 secs] 716286K->309078K(4156864K), 0.0622690 secs] [Times: user=0.35 sys=0.01, real=0.06 secs] 
21.882: [GC 21.882: [ParNew
Desired survivor size 19169280 bytes, new threshold 1 (max 15)
- age   1:   21566512 bytes,   21566512 total
: 486848K->37440K(486848K), 0.0548030 secs] 758486K->352502K(4156864K), 0.0548650 secs] [Times: user=0.32 sys=0.02, real=0.05 secs] 
25.190: [GC 25.190: [ParNew
Desired survivor size 19169280 bytes, new threshold 1 (max 15)
- age   1:   31975152 bytes,   31975152 total
: 486848K->37440K(486848K), 0.0452850 secs] 801910K->376268K(4156864K), 0.0453540 secs] [Times: user=0.27 sys=0.01, real=0.04 secs] 
27.069: [GC 27.069: [ParNew
Desired survivor size 19169280 bytes, new threshold 15 (max 15)
- age   1:   14712072 bytes,   14712072 total
: 486848K->28771K(486848K), 0.0330210 secs] 825676K->396442K(4156864K), 0.0330840 secs] [Times: user=0.19 sys=0.00, real=0.03 secs] 
29.628: [GC 29.628: [ParNew
Desired survivor size 19169280 bytes, new threshold 1 (max 15)
- age   1:   25228880 bytes,   25228880 total
- age   2:   11878480 bytes,   37107360 total
: 478179K->37440K(486848K), 0.0240670 secs] 845850K->409431K(4156864K), 0.0241410 secs] [Times: user=0.16 sys=0.00, real=0.03 secs] 
31.899: [GC 31.899: [ParNew
Desired survivor size 19169280 bytes, new threshold 1 (max 15)
- age   1:   27917536 bytes,   27917536 total
: 486848K->37440K(486848K), 0.0597740 secs] 858839K->446476K(4156864K), 0.0598570 secs] [Times: user=0.40 sys=0.01, real=0.06 secs] 
35.140: [GC 35.140: [ParNew
Desired survivor size 19169280 bytes, new threshold 1 (max 15)
- age   1:   29192888 bytes,   29192888 total
: 486848K->37440K(486848K), 0.0562440 secs] 895884K->473075K(4156864K), 0.0563100 secs] [Times: user=0.29 sys=0.01, real=0.06 secs] 
36.951: [GC 36.951: [ParNew
Desired survivor size 19169280 bytes, new threshold 1 (max 15)
- age   1:   30823416 bytes,   30823416 total
: 486848K->37440K(486848K), 0.0495420 secs] 922483K->503600K(4156864K), 0.0496030 secs] [Times: user=0.30 sys=0.00, real=0.04 secs] 
38.950: [GC 38.950: [ParNew
Desired survivor size 19169280 bytes, new threshold 1 (max 15)
- age   1:   29586184 bytes,   29586184 total
: 486848K->36791K(486848K), 0.0483270 secs] 953008K->534329K(4156864K), 0.0483930 secs] [Times: user=0.33 sys=0.01, real=0.05 secs] 
40.571: [GC 40.571: [ParNew
Desired survivor size 19169280 bytes, new threshold 1 (max 15)
- age   1:   32351856 bytes,   32351856 total
: 486199K->37440K(486848K), 0.0636130 secs] 983737K->564416K(4156864K), 0.0637360 secs] [Times: user=0.42 sys=0.02, real=0.06 secs] 
43.621: [GC 43.621: [ParNew
Desired survivor size 19169280 bytes, new threshold 1 (max 15)
- age   1:   28635728 bytes,   28635728 total
: 486848K->37440K(486848K), 0.0646630 secs] 1013824K->600541K(4156864K), 0.0647480 secs] [Times: user=0.35 sys=0.01, real=0.07 secs] 
46.777: [GC 46.777: [ParNew
Desired survivor size 19169280 bytes, new threshold 1 (max 15)
- age   1:   24325152 bytes,   24325152 total
: 486848K->37440K(486848K), 0.0497410 secs] 1049949K->632440K(4156864K), 0.0498330 secs] [Times: user=0.26 sys=0.01, real=0.05 secs] 
49.235: [GC 49.235: [ParNew
Desired survivor size 19169280 bytes, new threshold 1 (max 15)
- age   1:   29110696 bytes,   29110696 total
: 486848K->37440K(486848K), 0.0460180 secs] 1081848K->657549K(4156864K), 0.0461150 secs] [Times: user=0.27 sys=0.00, real=0.04 secs] 
51.521: [GC 51.521: [ParNew
Desired survivor size 19169280 bytes, new threshold 1 (max 15)
- age   1:   28425608 bytes,   28425608 total
: 486848K->34924K(486848K), 0.0498120 secs] 1106957K->681153K(4156864K), 0.0499300 secs] [Times: user=0.30 sys=0.01, real=0.05 secs] 
268.146: [GC 268.146: [ParNew
Desired survivor size 19169280 bytes, new threshold 15 (max 15)
- age   1:   17164568 bytes,   17164568 total
: 484332K->28579K(486848K), 0.0675650 secs] 1130561K->696280K(4156864K), 0.0676960 secs] [Times: user=0.18 sys=0.01, real=0.06 secs] 
271.015: [GC 271.015: [ParNew
Desired survivor size 19169280 bytes, new threshold 2 (max 15)
- age   1:   13749800 bytes,   13749800 total
- age   2:   13370072 bytes,   27119872 total
: 477987K->29636K(486848K), 0.0468080 secs] 1145688K->697336K(4156864K), 0.0469480 secs] [Times: user=0.12 sys=0.00, real=0.05 secs] 
273.315: [GC 273.315: [ParNew
Desired survivor size 19169280 bytes, new threshold 2 (max 15)
- age   1:   12580520 bytes,   12580520 total
- age   2:   10185960 bytes,   22766480 total
: 479044K->27823K(486848K), 0.0404710 secs] 1146744K->708665K(4156864K), 0.0406080 secs] [Times: user=0.14 sys=0.01, real=0.04 secs] 
275.442: [GC 275.442: [ParNew
Desired survivor size 19169280 bytes, new threshold 2 (max 15)
- age   1:   10204776 bytes,   10204776 total
- age   2:    9523888 bytes,   19728664 total
: 477231K->33393K(486848K), 0.1291870 secs] 1158073K->724249K(4156864K), 0.1293220 secs] [Times: user=0.32 sys=0.00, real=0.13 secs] 
278.384: [GC 278.384: [ParNew
Desired survivor size 19169280 bytes, new threshold 2 (max 15)
- age   1:   13496248 bytes,   13496248 total
- age   2:    8350584 bytes,   21846832 total
: 482801K->25866K(486848K), 0.0522110 secs] 1173657K->726079K(4156864K), 0.0523470 secs] [Times: user=0.14 sys=0.00, real=0.05 secs] 
280.955: [GC 280.956: [ParNew
Desired survivor size 19169280 bytes, new threshold 2 (max 15)
- age   1:   11280920 bytes,   11280920 total
- age   2:   10341280 bytes,   21622200 total
: 475274K->31786K(486848K), 0.0367430 secs] 1175487K->740186K(4156864K), 0.0368550 secs] [Times: user=0.13 sys=0.00, real=0.04 secs] 
283.044: [GC 283.044: [ParNew
Desired survivor size 19169280 bytes, new threshold 2 (max 15)
- age   1:   10938672 bytes,   10938672 total
- age   2:    8386304 bytes,   19324976 total
: 481194K->26871K(486848K), 0.0374260 secs] 1189594K->745422K(4156864K), 0.0375640 secs] [Times: user=0.15 sys=0.00, real=0.04 secs] 
1372.782: [GC 1372.783: [ParNew
Desired survivor size 19169280 bytes, new threshold 2 (max 15)
- age   1:   13548376 bytes,   13548376 total
- age   2:    8576384 bytes,   22124760 total
: 476279K->30653K(486848K), 0.0401010 secs] 1194830K->757445K(4156864K), 0.0402800 secs] [Times: user=0.20 sys=0.00, real=0.04 secs] 
6925.040: [GC 6925.040: [ParNew
Desired survivor size 19169280 bytes, new threshold 1 (max 15)
- age   1:   20284864 bytes,   20284864 total
- age   2:    7586016 bytes,   27870880 total
: 480061K->34837K(486848K), 0.0577380 secs] 1206853K->770048K(4156864K), 0.0579220 secs] [Times: user=0.23 sys=0.01, real=0.06 secs] 
12649.288: [GC 12649.288: [ParNew
Desired survivor size 19169280 bytes, new threshold 1 (max 15)
- age   1:   21232464 bytes,   21232464 total
: 484245K->32990K(486848K), 0.0450080 secs] 1219456K->776281K(4156864K), 0.0451190 secs] [Times: user=0.13 sys=0.00, real=0.05 secs] 
18927.162: [GC 18927.162: [ParNew
Desired survivor size 19169280 bytes, new threshold 1 (max 15)
- age   1:   21460328 bytes,   21460328 total
: 482398K->24296K(486848K), 0.0522450 secs] 1225689K->768216K(4156864K), 0.0524060 secs] [Times: user=0.16 sys=0.00, real=0.06 secs] 
25249.258: [GC 25249.258: [ParNew
Desired survivor size 19169280 bytes, new threshold 1 (max 15)
- age   1:   26282736 bytes,   26282736 total
: 473704K->28683K(486848K), 0.0449180 secs] 1217624K->772764K(4156864K), 0.0450300 secs] [Times: user=0.12 sys=0.00, real=0.04 secs] 
31531.553: [GC 31531.553: [ParNew
Desired survivor size 19169280 bytes, new threshold 1 (max 15)
- age   1:   21612760 bytes,   21612760 total
: 478091K->25123K(486848K), 0.0479960 secs] 1222172K->769597K(4156864K), 0.0481520 secs] [Times: user=0.12 sys=0.00, real=0.04 secs] 
37849.273: [GC 37849.273: [ParNew
Desired survivor size 19169280 bytes, new threshold 1 (max 15)
- age   1:   23255880 bytes,   23255880 total
: 474531K->27685K(486848K), 0.0458450 secs] 1219005K->772231K(4156864K), 0.0459560 secs] [Times: user=0.10 sys=0.00, real=0.05 secs] 
44433.274: [GC 44433.274: [ParNew
Desired survivor size 19169280 bytes, new threshold 1 (max 15)
- age   1:   25940248 bytes,   25940248 total
: 477093K->29193K(486848K), 0.0601830 secs] 1221639K->774479K(4156864K), 0.0603410 secs] [Times: user=0.18 sys=0.00, real=0.06 secs] 
50449.281: [GC 50449.281: [ParNew
Desired survivor size 19169280 bytes, new threshold 1 (max 15)
- age   1:   25116040 bytes,   25116040 total
: 478601K->28773K(486848K), 0.0438630 secs] 1223887K->774409K(4156864K), 0.0439680 secs] [Times: user=0.10 sys=0.00, real=0.05 secs] 
57636.170: [GC 57636.170: [ParNew
Desired survivor size 19169280 bytes, new threshold 1 (max 15)
- age   1:   24007752 bytes,   24007752 total
: 478181K->29732K(486848K), 0.0571900 secs] 1223817K->775665K(4156864K), 0.0573540 secs] [Times: user=0.16 sys=0.01, real=0.05 secs] 
63937.769: [GC 63937.769: [ParNew
Desired survivor size 19169280 bytes, new threshold 1 (max 15)
- age   1:   20144488 bytes,   20144488 total
: 479140K->22396K(486848K), 0.0591040 secs] 1225073K->768552K(4156864K), 0.0592670 secs] [Times: user=0.19 sys=0.00, real=0.06 secs] 
70249.279: [GC 70249.279: [ParNew
Desired survivor size 19169280 bytes, new threshold 1 (max 15)
- age   1:   22719512 bytes,   22719512 total
: 471804K->24028K(486848K), 0.0451620 secs] 1217960K->770266K(4156864K), 0.0452760 secs] [Times: user=0.09 sys=0.01, real=0.04 secs] 
76094.605: [GC 76094.605: [ParNew
Desired survivor size 19169280 bytes, new threshold 1 (max 15)
- age   1:   23623528 bytes,   23623528 total
: 473436K->27207K(486848K), 0.0549260 secs] 1219674K->773683K(4156864K), 0.0550860 secs] [Times: user=0.17 sys=0.00, real=0.06 secs] 
82145.919: [GC 82145.919: [ParNew
Desired survivor size 19169280 bytes, new threshold 1 (max 15)
- age   1:   24913472 bytes,   24913472 total
: 476615K->28093K(486848K), 0.0530990 secs] 1223091K->774862K(4156864K), 0.0532610 secs] [Times: user=0.14 sys=0.00, real=0.05 secs] 
86666.270: [GC 86666.270: [ParNew
Desired survivor size 19169280 bytes, new threshold 1 (max 15)
- age   1:   22260144 bytes,   22260144 total
: 477501K->25184K(486848K), 0.0409850 secs] 1224270K->772400K(4156864K), 0.0411140 secs] [Times: user=0.09 sys=0.00, real=0.04 secs] 
86667.472: [GC 86667.472: [ParNew
Desired survivor size 19169280 bytes, new threshold 15 (max 15)
- age   1:    6454440 bytes,    6454440 total
: 474592K->13837K(486848K), 0.0519480 secs] 1221808K->771985K(4156864K), 0.0520490 secs] [Times: user=0.12 sys=0.00, real=0.05 secs] 
86668.705: [GC 86668.705: [ParNew
Desired survivor size 19169280 bytes, new threshold 15 (max 15)
- age   1:    6974296 bytes,    6974296 total
- age   2:    6386712 bytes,   13361008 total
: 463245K->14085K(486848K), 0.0202100 secs] 1221393K->772233K(4156864K), 0.0203320 secs] [Times: user=0.05 sys=0.00, real=0.02 secs] 
86670.199: [GC 86670.199: [ParNew
Desired survivor size 19169280 bytes, new threshold 3 (max 15)
- age   1:    7613128 bytes,    7613128 total
- age   2:    6915616 bytes,   14528744 total
- age   3:    6380216 bytes,   20908960 total
: 463493K->23489K(486848K), 0.0207770 secs] 1221641K->781636K(4156864K), 0.0208590 secs] [Times: user=0.07 sys=0.00, real=0.02 secs] 
86671.293: [GC 86671.293: [ParNew
Desired survivor size 19169280 bytes, new threshold 3 (max 15)
- age   1:    5482720 bytes,    5482720 total
- age   2:    7584712 bytes,   13067432 total
- age   3:    6902416 bytes,   19969848 total
: 472897K->29367K(486848K), 0.0514190 secs] 1231044K->793739K(4156864K), 0.0515520 secs] [Times: user=0.14 sys=0.01, real=0.05 secs] 
86672.806: [GC 86672.806: [ParNew
Desired survivor size 19169280 bytes, new threshold 3 (max 15)
- age   1:    6861528 bytes,    6861528 total
- age   2:    5449968 bytes,   12311496 total
- age   3:    7565664 bytes,   19877160 total
: 478775K->31106K(486848K), 0.0277510 secs] 1243147K->802209K(4156864K), 0.0278810 secs] [Times: user=0.11 sys=0.00, real=0.03 secs] 
90701.208: [GC 90701.208: [ParNew
Desired survivor size 19169280 bytes, new threshold 2 (max 15)
- age   1:   14676912 bytes,   14676912 total
- age   2:    6824848 bytes,   21501760 total
- age   3:    5435368 bytes,   26937128 total
: 480514K->37439K(486848K), 0.0670190 secs] 1251617K->821945K(4156864K), 0.0671770 secs] [Times: user=0.28 sys=0.01, real=0.07 secs] 
96081.820: [GC 96081.820: [ParNew
Desired survivor size 19169280 bytes, new threshold 2 (max 15)
- age   1:   17759752 bytes,   17759752 total
- age   2:    1961624 bytes,   19721376 total
: 486847K->37440K(486848K), 0.0827100 secs] 1271353K->839722K(4156864K), 0.0828760 secs] [Times: user=0.21 sys=0.01, real=0.09 secs] 
101757.651: [GC 101757.651: [ParNew
Desired survivor size 19169280 bytes, new threshold 1 (max 15)
- age   1:   24284920 bytes,   24284920 total
- age   2:     859808 bytes,   25144728 total
: 486848K->29643K(486848K), 0.0555100 secs] 1289130K->833326K(4156864K), 0.0556650 secs] [Times: user=0.19 sys=0.00, real=0.06 secs] 
107607.902: [GC 107607.902: [ParNew
Desired survivor size 19169280 bytes, new threshold 1 (max 15)
- age   1:   23306880 bytes,   23306880 total
: 479051K->27475K(486848K), 0.0433070 secs] 1282734K->831968K(4156864K), 0.0434210 secs] [Times: user=0.10 sys=0.00, real=0.04 secs] 
113449.259: [GC 113449.259: [ParNew
Desired survivor size 19169280 bytes, new threshold 1 (max 15)
- age   1:   25955392 bytes,   25955392 total
: 476883K->31380K(486848K), 0.0497870 secs] 1281376K->836121K(4156864K), 0.0499000 secs] [Times: user=0.10 sys=0.00, real=0.05 secs] 
118860.587: [GC 118860.587: [ParNew
Desired survivor size 19169280 bytes, new threshold 1 (max 15)
- age   1:   22308712 bytes,   22308712 total
: 480788K->28057K(486848K), 0.0534980 secs] 1285529K->833004K(4156864K), 0.0536560 secs] [Times: user=0.16 sys=0.00, real=0.06 secs] 
124928.108: [GC 124928.108: [ParNew
Desired survivor size 19169280 bytes, new threshold 1 (max 15)
- age   1:   24889272 bytes,   24889272 total
: 477465K->27072K(486848K), 0.0663550 secs] 1282412K->832217K(4156864K), 0.0665150 secs] [Times: user=0.17 sys=0.00, real=0.07 secs] 
131011.982: [GC 131011.982: [ParNew
Desired survivor size 19169280 bytes, new threshold 1 (max 15)
- age   1:   22009072 bytes,   22009072 total
: 476480K->25798K(486848K), 0.0583880 secs] 1281625K->831391K(4156864K), 0.0585090 secs] [Times: user=0.12 sys=0.00, real=0.06 secs] 
136849.238: [GC 136849.238: [ParNew
Desired survivor size 19169280 bytes, new threshold 1 (max 15)
- age   1:   26182672 bytes,   26182672 total
: 475206K->29980K(486848K), 0.0418380 secs] 1280799K->835668K(4156864K), 0.0419500 secs] [Times: user=0.11 sys=0.00, real=0.04 secs] 
142268.730: [GC 142268.730: [ParNew
Desired survivor size 19169280 bytes, new threshold 1 (max 15)
- age   1:   22382128 bytes,   22382128 total
: 479388K->28224K(486848K), 0.0491940 secs] 1285076K->834091K(4156864K), 0.0493690 secs] [Times: user=0.17 sys=0.00, real=0.05 secs] 
148271.482: [GC 148271.482: [ParNew
Desired survivor size 19169280 bytes, new threshold 1 (max 15)
- age   1:   25010152 bytes,   25010152 total
: 477632K->27638K(486848K), 0.0567050 secs] 1283499K->833645K(4156864K), 0.0568650 secs] [Times: user=0.19 sys=0.00, real=0.06 secs] 
154421.910: [GC 154421.911: [ParNew
Desired survivor size 19169280 bytes, new threshold 1 (max 15)
- age   1:   22796272 bytes,   22796272 total
: 477046K->28348K(486848K), 0.0548900 secs] 1283053K->834704K(4156864K), 0.0550540 secs] [Times: user=0.18 sys=0.00, real=0.06 secs] 
160249.262: [GC 160249.262: [ParNew
Desired survivor size 19169280 bytes, new threshold 1 (max 15)
- age   1:   26873848 bytes,   26873848 total
: 477756K->28765K(486848K), 0.0510500 secs] 1284112K->835227K(4156864K), 0.0511590 secs] [Times: user=0.12 sys=0.00, real=0.05 secs] 
165676.281: [GC 165676.282: [ParNew
Desired survivor size 19169280 bytes, new threshold 1 (max 15)
- age   1:   23117752 bytes,   23117752 total
: 478173K->29222K(486848K), 0.0462910 secs] 1284635K->835858K(4156864K), 0.0464550 secs] [Times: user=0.12 sys=0.00, real=0.04 secs] 
171976.400: [GC 171976.400: [ParNew
Desired survivor size 19169280 bytes, new threshold 1 (max 15)
- age   1:   22054352 bytes,   22054352 total
: 478630K->25273K(486848K), 0.0602270 secs] 1285266K->832132K(4156864K), 0.0603850 secs] [Times: user=0.18 sys=0.00, real=0.07 secs] 
173066.956: [GC 173066.956: [ParNew
Desired survivor size 19169280 bytes, new threshold 15 (max 15)
- age   1:   17044536 bytes,   17044536 total
: 474681K->20027K(486848K), 0.0187380 secs] 1281540K->827396K(4156864K), 0.0188440 secs] [Times: user=0.08 sys=0.00, real=0.02 secs] 
173068.099: [GC 173068.099: [ParNew
Desired survivor size 19169280 bytes, new threshold 2 (max 15)
- age   1:    6227392 bytes,    6227392 total
- age   2:   14735224 bytes,   20962616 total
: 469435K->25108K(486848K), 0.0155690 secs] 1276804K->832476K(4156864K), 0.0156510 secs] [Times: user=0.08 sys=0.00, real=0.02 secs] 
173069.135: [GC 173069.135: [ParNew
Desired survivor size 19169280 bytes, new threshold 15 (max 15)
- age   1:    7383584 bytes,    7383584 total
- age   2:    6184360 bytes,   13567944 total
: 474516K->27708K(486848K), 0.0859390 secs] 1281884K->849490K(4156864K), 0.0860520 secs] [Times: user=0.17 sys=0.00, real=0.09 secs] 
173070.599: [GC 173070.599: [ParNew
Desired survivor size 19169280 bytes, new threshold 3 (max 15)
- age   1:    6549912 bytes,    6549912 total
- age   2:    7357648 bytes,   13907560 total
- age   3:    6167360 bytes,   20074920 total
: 477116K->21575K(486848K), 0.0375990 secs] 1298898K->843357K(4156864K), 0.0377270 secs] [Times: user=0.09 sys=0.00, real=0.04 secs] 
173071.714: [GC 173071.714: [ParNew
Desired survivor size 19169280 bytes, new threshold 3 (max 15)
- age   1:    6343768 bytes,    6343768 total
- age   2:    6493024 bytes,   12836792 total
- age   3:    7351760 bytes,   20188552 total
: 470983K->29914K(486848K), 0.0462850 secs] 1292765K->857705K(4156864K), 0.0464230 secs] [Times: user=0.16 sys=0.00, real=0.05 secs] 
175245.471: [GC 175245.471: [ParNew
Desired survivor size 19169280 bytes, new threshold 2 (max 15)
- age   1:   15253472 bytes,   15253472 total
- age   2:    6310656 bytes,   21564128 total
- age   3:    6467624 bytes,   28031752 total
: 479322K->37439K(486848K), 0.0530040 secs] 1307113K->875240K(4156864K), 0.0531680 secs] [Times: user=0.24 sys=0.01, real=0.05 secs] 
180842.722: [GC 180842.722: [ParNew
Desired survivor size 19169280 bytes, new threshold 2 (max 15)
- age   1:   18253088 bytes,   18253088 total
- age   2:    4616704 bytes,   22869792 total
: 486847K->37439K(486848K), 0.0799730 secs] 1324648K->893125K(4156864K), 0.0800850 secs] [Times: user=0.15 sys=0.01, real=0.08 secs] 
186394.154: [GC 186394.154: [ParNew
Desired survivor size 19169280 bytes, new threshold 1 (max 15)
- age   1:   23688984 bytes,   23688984 total
- age   2:     968304 bytes,   24657288 total
: 486847K->32015K(486848K), 0.0552730 secs] 1342533K->891928K(4156864K), 0.0554500 secs] [Times: user=0.21 sys=0.00, real=0.05 secs] 
192482.944: [GC 192482.945: [ParNew
Desired survivor size 19169280 bytes, new threshold 1 (max 15)
- age   1:   25127984 bytes,   25127984 total
: 481423K->27196K(486848K), 0.0502940 secs] 1341336K->888050K(4156864K), 0.0504540 secs] [Times: user=0.16 sys=0.00, real=0.05 secs] 
198049.281: [GC 198049.281: [ParNew
Desired survivor size 19169280 bytes, new threshold 1 (max 15)
- age   1:   23714680 bytes,   23714680 total
: 476604K->28321K(486848K), 0.0410780 secs] 1337458K->889627K(4156864K), 0.0411890 secs] [Times: user=0.10 sys=0.00, real=0.04 secs] 
203734.228: [GC 203734.228: [ParNew
Desired survivor size 19169280 bytes, new threshold 1 (max 15)
- age   1:   24124088 bytes,   24124088 total
: 477729K->27167K(486848K), 0.0533250 secs] 1339035K->888679K(4156864K), 0.0534960 secs] [Times: user=0.18 sys=0.00, real=0.06 secs] 
209532.999: [GC 209532.999: [ParNew
Desired survivor size 19169280 bytes, new threshold 1 (max 15)
- age   1:   24564560 bytes,   24564560 total
: 476575K->30301K(486848K), 0.0479630 secs] 1338087K->892202K(4156864K), 0.0481210 secs] [Times: user=0.15 sys=0.00, real=0.05 secs] 
215685.471: [GC 215685.471: [ParNew
Desired survivor size 19169280 bytes, new threshold 1 (max 15)
- age   1:   24878912 bytes,   24878912 total
: 479709K->28176K(486848K), 0.0534450 secs] 1341610K->890422K(4156864K), 0.0535570 secs] [Times: user=0.16 sys=0.00, real=0.05 secs] 
221449.275: [GC 221449.275: [ParNew
Desired survivor size 19169280 bytes, new threshold 1 (max 15)
- age   1:   24235040 bytes,   24235040 total
: 477584K->29945K(486848K), 0.0484170 secs] 1339830K->892525K(4156864K), 0.0485320 secs] [Times: user=0.11 sys=0.00, real=0.05 secs] 
226901.845: [GC 226901.845: [ParNew
Desired survivor size 19169280 bytes, new threshold 1 (max 15)
- age   1:   23359160 bytes,   23359160 total
: 479353K->28580K(486848K), 0.0531780 secs] 1341933K->891637K(4156864K), 0.0533350 secs] [Times: user=0.18 sys=0.00, real=0.05 secs] 
233198.961: [GC 233198.961: [ParNew
Desired survivor size 19169280 bytes, new threshold 1 (max 15)
- age   1:   24503408 bytes,   24503408 total
: 477988K->29379K(486848K), 0.0599390 secs] 1341045K->892643K(4156864K), 0.0600990 secs] [Times: user=0.18 sys=0.00, real=0.06 secs] 
239444.643: [GC 239444.643: [ParNew
Desired survivor size 19169280 bytes, new threshold 1 (max 15)
- age   1:   25469904 bytes,   25469904 total
: 478787K->29185K(486848K), 0.0573560 secs] 1342051K->892700K(4156864K), 0.0575270 secs] [Times: user=0.17 sys=0.00, real=0.06 secs] 
244849.303: [GC 244849.303: [ParNew
Desired survivor size 19169280 bytes, new threshold 1 (max 15)
- age   1:   23348184 bytes,   23348184 total
: 478593K->27745K(486848K), 0.0398200 secs] 1342108K->891585K(4156864K), 0.0399310 secs] [Times: user=0.10 sys=0.00, real=0.04 secs] 
250594.156: [GC 250594.156: [ParNew
Desired survivor size 19169280 bytes, new threshold 1 (max 15)
- age   1:   24516080 bytes,   24516080 total
: 477153K->27755K(486848K), 0.0590400 secs] 1340993K->891977K(4156864K), 0.0591940 secs] [Times: user=0.18 sys=0.00, real=0.06 secs] 
256607.916: [GC 256607.916: [ParNew
Desired survivor size 19169280 bytes, new threshold 1 (max 15)
- age   1:   24336832 bytes,   24336832 total
: 477163K->31001K(486848K), 0.0594590 secs] 1341385K->895611K(4156864K), 0.0596150 secs] [Times: user=0.18 sys=0.00, real=0.06 secs] 
259466.571: [GC 259466.571: [ParNew
Desired survivor size 19169280 bytes, new threshold 1 (max 15)
- age   1:   19864600 bytes,   19864600 total
: 480409K->21009K(486848K), 0.0351690 secs] 1345019K->885865K(4156864K), 0.0352850 secs] [Times: user=0.07 sys=0.00, real=0.04 secs] 
259467.908: [GC 259467.908: [ParNew
Desired survivor size 19169280 bytes, new threshold 15 (max 15)
- age   1:    6420480 bytes,    6420480 total
: 470417K->14199K(486848K), 0.0566740 secs] 1335273K->891820K(4156864K), 0.0567790 secs] [Times: user=0.13 sys=0.00, real=0.05 secs] 
259469.021: [GC 259469.021: [ParNew
Desired survivor size 19169280 bytes, new threshold 15 (max 15)
- age   1:    6839696 bytes,    6839696 total
- age   2:    6352336 bytes,   13192032 total
: 463607K->14878K(486848K), 0.0188430 secs] 1341228K->892499K(4156864K), 0.0189660 secs] [Times: user=0.08 sys=0.00, real=0.02 secs] 
259470.063: [GC 259470.063: [ParNew
Desired survivor size 19169280 bytes, new threshold 3 (max 15)
- age   1:    7605592 bytes,    7605592 total
- age   2:    6812192 bytes,   14417784 total
- age   3:    6337968 bytes,   20755752 total
: 464286K->24642K(486848K), 0.0212260 secs] 1341907K->902263K(4156864K), 0.0213250 secs] [Times: user=0.08 sys=0.00, real=0.02 secs] 
259471.216: [GC 259471.216: [ParNew
Desired survivor size 19169280 bytes, new threshold 3 (max 15)
- age   1:    5502664 bytes,    5502664 total
- age   2:    7572032 bytes,   13074696 total
- age   3:    6805008 bytes,   19879704 total
: 474050K->31377K(486848K), 0.0923980 secs] 1351671K->915173K(4156864K), 0.0925080 secs] [Times: user=0.32 sys=0.01, real=0.10 secs] 
260265.219: [GC 260265.219: [ParNew
Desired survivor size 19169280 bytes, new threshold 2 (max 15)
- age   1:   13919568 bytes,   13919568 total
- age   2:    5469536 bytes,   19389104 total
- age   3:    7554672 bytes,   26943776 total
: 480785K->37440K(486848K), 0.0473210 secs] 1364581K->929431K(4156864K), 0.0474580 secs] [Times: user=0.25 sys=0.00, real=0.05 secs] 
265723.467: [GC 265723.467: [ParNew
Desired survivor size 19169280 bytes, new threshold 2 (max 15)
- age   1:   17482024 bytes,   17482024 total
- age   2:    6110408 bytes,   23592432 total
: 486848K->37439K(486848K), 0.0990130 secs] 1378839K->948114K(4156864K), 0.0991740 secs] [Times: user=0.27 sys=0.01, real=0.10 secs] 
271466.650: [GC 271466.650: [ParNew
Desired survivor size 19169280 bytes, new threshold 1 (max 15)
- age   1:   24138280 bytes,   24138280 total
- age   2:     873848 bytes,   25012128 total
: 486847K->30242K(486848K), 0.0526000 secs] 1397522K->946701K(4156864K), 0.0527640 secs] [Times: user=0.14 sys=0.00, real=0.06 secs] 
277249.242: [GC 277249.242: [ParNew
Desired survivor size 19169280 bytes, new threshold 1 (max 15)
- age   1:   24251208 bytes,   24251208 total
: 479650K->28780K(486848K), 0.0422990 secs] 1396109K->946266K(4156864K), 0.0424090 secs] [Times: user=0.11 sys=0.00, real=0.04 secs] 
282649.295: [GC 282649.295: [ParNew
Desired survivor size 19169280 bytes, new threshold 1 (max 15)
- age   1:   23393720 bytes,   23393720 total
: 478188K->29821K(486848K), 0.0399340 secs] 1395674K->947799K(4156864K), 0.0400450 secs] [Times: user=0.11 sys=0.00, real=0.04 secs] 
288575.264: [GC 288575.265: [ParNew
Desired survivor size 19169280 bytes, new threshold 1 (max 15)
- age   1:   23365704 bytes,   23365704 total
: 479229K->25233K(486848K), 0.0702470 secs] 1397207K->943558K(4156864K), 0.0704020 secs] [Times: user=0.18 sys=0.00, real=0.07 secs] 
294514.171: [GC 294514.172: [ParNew
Desired survivor size 19169280 bytes, new threshold 1 (max 15)
- age   1:   25094256 bytes,   25094256 total
: 474627K->27775K(486848K), 0.0638520 secs] 1392952K->946270K(4156864K), 0.0640090 secs] [Times: user=0.22 sys=0.00, real=0.06 secs] 
300649.213: [GC 300649.213: [ParNew
Desired survivor size 19169280 bytes, new threshold 1 (max 15)
- age   1:   25099680 bytes,   25099680 total
: 477183K->30046K(486848K), 0.0537320 secs] 1395678K->948914K(4156864K), 0.0538440 secs] [Times: user=0.17 sys=0.00, real=0.05 secs] 
306049.308: [GC 306049.308: [ParNew
Desired survivor size 19169280 bytes, new threshold 1 (max 15)
- age   1:   23318952 bytes,   23318952 total
: 479454K->26529K(486848K), 0.0442270 secs] 1398322K->945790K(4156864K), 0.0443370 secs] [Times: user=0.12 sys=0.00, real=0.05 secs] 
311981.936: [GC 311981.936: [ParNew
Desired survivor size 19169280 bytes, new threshold 1 (max 15)
- age   1:   22984064 bytes,   22984064 total
: 475937K->28185K(486848K), 0.0517580 secs] 1395198K->947807K(4156864K), 0.0519140 secs] [Times: user=0.15 sys=0.00, real=0.05 secs] 
317883.383: [GC 317883.383: [ParNew
Desired survivor size 19169280 bytes, new threshold 1 (max 15)
- age   1:   24703064 bytes,   24703064 total
: 477593K->27473K(486848K), 0.0573530 secs] 1397215K->947240K(4156864K), 0.0575450 secs] [Times: user=0.18 sys=0.00, real=0.06 secs] 
324049.214: [GC 324049.214: [ParNew
Desired survivor size 19169280 bytes, new threshold 1 (max 15)
- age   1:   25397312 bytes,   25397312 total
: 476881K->29089K(486848K), 0.0544950 secs] 1396648K->949164K(4156864K), 0.0546510 secs] [Times: user=0.18 sys=0.00, real=0.06 secs] 
329449.306: [GC 329449.306: [ParNew
Desired survivor size 19169280 bytes, new threshold 1 (max 15)
- age   1:   23510240 bytes,   23510240 total
: 478497K->27904K(486848K), 0.0416480 secs] 1398572K->948403K(4156864K), 0.0417570 secs] [Times: user=0.09 sys=0.00, real=0.05 secs] 
335391.929: [GC 335391.929: [ParNew
Desired survivor size 19169280 bytes, new threshold 1 (max 15)
- age   1:   23245440 bytes,   23245440 total
: 477312K->30420K(486848K), 0.0444070 secs] 1397811K->951259K(4156864K), 0.0445180 secs] [Times: user=0.11 sys=0.00, real=0.05 secs] 
341458.502: [GC 341458.503: [ParNew
Desired survivor size 19169280 bytes, new threshold 1 (max 15)
- age   1:   25028568 bytes,   25028568 total
: 479828K->27371K(486848K), 0.0476400 secs] 1400667K->948352K(4156864K), 0.0478030 secs] [Times: user=0.15 sys=0.00, real=0.05 secs] 
345866.274: [GC 345866.274: [ParNew
Desired survivor size 19169280 bytes, new threshold 1 (max 15)
- age   1:   21897024 bytes,   21897024 total
: 476779K->26175K(486848K), 0.0376140 secs] 1397760K->947511K(4156864K), 0.0377210 secs] [Times: user=0.09 sys=0.00, real=0.04 secs] 
345867.506: [GC 345867.506: [ParNew
Desired survivor size 19169280 bytes, new threshold 15 (max 15)
- age   1:    6479688 bytes,    6479688 total
: 475583K->13563K(486848K), 0.0397450 secs] 1396919K->945754K(4156864K), 0.0398640 secs] [Times: user=0.08 sys=0.01, real=0.04 secs] 
345868.526: [GC 345868.526: [ParNew
Desired survivor size 19169280 bytes, new threshold 15 (max 15)
- age   1:    6987752 bytes,    6987752 total
- age   2:    6414576 bytes,   13402328 total
: 462971K->14595K(486848K), 0.0237120 secs] 1395162K->946787K(4156864K), 0.0238260 secs] [Times: user=0.06 sys=0.00, real=0.02 secs] 
345869.790: [GC 345869.790: [ParNew
Desired survivor size 19169280 bytes, new threshold 3 (max 15)
- age   1:    7632056 bytes,    7632056 total
- age   2:    6927672 bytes,   14559728 total
- age   3:    6407520 bytes,   20967248 total
: 464003K->23528K(486848K), 0.0617410 secs] 1396195K->955720K(4156864K), 0.0618440 secs] [Times: user=0.12 sys=0.00, real=0.07 secs] 
345871.088: [GC 345871.088: [ParNew
Desired survivor size 19169280 bytes, new threshold 3 (max 15)
- age   1:    5459480 bytes,    5459480 total
- age   2:    7605272 bytes,   13064752 total
- age   3:    6915032 bytes,   19979784 total
: 472936K->27182K(486848K), 0.0523930 secs] 1405128K->965626K(4156864K), 0.0525230 secs] [Times: user=0.16 sys=0.00, real=0.05 secs] 
345872.213: [GC 345872.213: [ParNew
Desired survivor size 19169280 bytes, new threshold 3 (max 15)
- age   1:    6878840 bytes,    6878840 total
- age   2:    5425488 bytes,   12304328 total
- age   3:    7586648 bytes,   19890976 total
: 476590K->31135K(486848K), 0.0318770 secs] 1415034K->976323K(4156864K), 0.0320010 secs] [Times: user=0.11 sys=0.00, real=0.03 secs] 
349879.140: [GC 349879.140: [ParNew
Desired survivor size 19169280 bytes, new threshold 2 (max 15)
- age   1:   17083280 bytes,   17083280 total
- age   2:    6839728 bytes,   23923008 total
- age   3:    5424480 bytes,   29347488 total
: 480543K->37439K(486848K), 0.0605250 secs] 1425731K->993149K(4156864K), 0.0606820 secs] [Times: user=0.23 sys=0.00, real=0.06 secs] 
355275.032: [GC 355275.032: [ParNew
Desired survivor size 19169280 bytes, new threshold 1 (max 15)
- age   1:   20913936 bytes,   20913936 total
- age   2:    1134784 bytes,   22048720 total
: 486847K->37440K(486848K), 0.0722240 secs] 1442557K->1008149K(4156864K), 0.0723880 secs] [Times: user=0.27 sys=0.01, real=0.07 secs] 
361050.553: [GC 361050.553: [ParNew
Desired survivor size 19169280 bytes, new threshold 1 (max 15)
- age   1:   23481024 bytes,   23481024 total
: 486848K->30563K(486848K), 0.0586660 secs] 1457557K->1005314K(4156864K), 0.0588420 secs] [Times: user=0.17 sys=0.00, real=0.06 secs] 
366902.957: [GC 366902.957: [ParNew
Desired survivor size 19169280 bytes, new threshold 1 (max 15)
- age   1:   23704936 bytes,   23704936 total
: 479971K->26926K(486848K), 0.0522240 secs] 1454722K->1001850K(4156864K), 0.0523970 secs] [Times: user=0.17 sys=0.00, real=0.06 secs] 
372649.270: [GC 372649.270: [ParNew
Desired survivor size 19169280 bytes, new threshold 1 (max 15)
- age   1:   24128960 bytes,   24128960 total
: 476334K->28325K(486848K), 0.0414820 secs] 1451258K->1003478K(4156864K), 0.0415900 secs] [Times: user=0.11 sys=0.00, real=0.04 secs] 
378156.951: [GC 378156.951: [ParNew
Desired survivor size 19169280 bytes, new threshold 1 (max 15)
- age   1:   23305320 bytes,   23305320 total
: 477733K->29284K(486848K), 0.0493330 secs] 1452886K->1004940K(4156864K), 0.0495050 secs] [Times: user=0.17 sys=0.00, real=0.05 secs] 
384186.840: [GC 384186.840: [ParNew
Desired survivor size 19169280 bytes, new threshold 1 (max 15)
- age   1:   24926432 bytes,   24926432 total
: 478692K->27744K(486848K), 0.0582710 secs] 1454348K->1003605K(4156864K), 0.0584280 secs] [Times: user=0.17 sys=0.00, real=0.05 secs] 
390308.682: [GC 390308.682: [ParNew
Desired survivor size 19169280 bytes, new threshold 1 (max 15)
- age   1:   22157856 bytes,   22157856 total
: 477152K->26992K(486848K), 0.0609950 secs] 1453013K->1003297K(4156864K), 0.0611480 secs] [Times: user=0.19 sys=0.00, real=0.06 secs] 
396049.262: [GC 396049.262: [ParNew
Desired survivor size 19169280 bytes, new threshold 1 (max 15)
- age   1:   26188672 bytes,   26188672 total
: 476400K->27828K(486848K), 0.0413690 secs] 1452705K->1004231K(4156864K), 0.0414770 secs] [Times: user=0.11 sys=0.00, real=0.05 secs] 
401564.424: [GC 401564.424: [ParNew
Desired survivor size 19169280 bytes, new threshold 1 (max 15)
- age   1:   22626024 bytes,   22626024 total
: 477236K->27313K(486848K), 0.0622150 secs] 1453639K->1004081K(4156864K), 0.0623490 secs] [Times: user=0.22 sys=0.00, real=0.06 secs] 
407677.102: [GC 407677.102: [ParNew
Desired survivor size 19169280 bytes, new threshold 1 (max 15)
- age   1:   25160128 bytes,   25160128 total
: 476721K->29702K(486848K), 0.0581810 secs] 1453489K->1006772K(4156864K), 0.0583570 secs] [Times: user=0.18 sys=0.00, real=0.06 secs] 
413713.886: [GC 413713.886: [ParNew
Desired survivor size 19169280 bytes, new threshold 1 (max 15)
- age   1:   25255088 bytes,   25255088 total
: 479110K->30809K(486848K), 0.0496820 secs] 1456180K->1008228K(4156864K), 0.0497940 secs] [Times: user=0.11 sys=0.00, real=0.05 secs] 
419449.257: [GC 419449.257: [ParNew
Desired survivor size 19169280 bytes, new threshold 1 (max 15)
- age   1:   25606976 bytes,   25606976 total
: 480217K->28939K(486848K), 0.0440580 secs] 1457636K->1006564K(4156864K), 0.0441640 secs] [Times: user=0.11 sys=0.00, real=0.04 secs] 
424972.185: [GC 424972.186: [ParNew
Desired survivor size 19169280 bytes, new threshold 1 (max 15)
- age   1:   23292320 bytes,   23292320 total
: 478347K->31155K(486848K), 0.0645880 secs] 1455972K->1009119K(4156864K), 0.0647470 secs] [Times: user=0.19 sys=0.00, real=0.07 secs] 
431145.471: [GC 431145.471: [ParNew
Desired survivor size 19169280 bytes, new threshold 1 (max 15)
- age   1:   25030416 bytes,   25030416 total
: 480563K->27955K(486848K), 0.0515140 secs] 1458527K->1006130K(4156864K), 0.0516810 secs] [Times: user=0.17 sys=0.00, real=0.05 secs] 
432266.898: [GC 432266.898: [ParNew
Desired survivor size 19169280 bytes, new threshold 15 (max 15)
- age   1:   17267160 bytes,   17267160 total
: 477363K->19753K(486848K), 0.0331360 secs] 1455538K->998406K(4156864K), 0.0332800 secs] [Times: user=0.10 sys=0.00, real=0.04 secs] 
432268.148: [GC 432268.148: [ParNew
Desired survivor size 19169280 bytes, new threshold 2 (max 15)
- age   1:    6239832 bytes,    6239832 total
- age   2:   14883696 bytes,   21123528 total
: 469161K->26750K(486848K), 0.0180590 secs] 1447814K->1005402K(4156864K), 0.0182010 secs] [Times: user=0.07 sys=0.00, real=0.02 secs] 
432269.428: [GC 432269.428: [ParNew
Desired survivor size 19169280 bytes, new threshold 15 (max 15)
- age   1:    7372448 bytes,    7372448 total
- age   2:    6200472 bytes,   13572920 total
: 476158K->21145K(486848K), 0.0677880 secs] 1454810K->1014355K(4156864K), 0.0679080 secs] [Times: user=0.15 sys=0.00, real=0.07 secs] 
432270.506: [GC 432270.506: [ParNew
Desired survivor size 19169280 bytes, new threshold 3 (max 15)
- age   1:    6557080 bytes,    6557080 total
- age   2:    7347608 bytes,   13904688 total
- age   3:    6184920 bytes,   20089608 total
: 470553K->21965K(486848K), 0.0161710 secs] 1463763K->1015174K(4156864K), 0.0162580 secs] [Times: user=0.08 sys=0.00, real=0.02 secs] 
432271.502: [GC 432271.502: [ParNew
Desired survivor size 19169280 bytes, new threshold 3 (max 15)
- age   1:    6330352 bytes,    6330352 total
- age   2:    6498984 bytes,   12829336 total
- age   3:    7340040 bytes,   20169376 total
: 471373K->32138K(486848K), 0.0743830 secs] 1464582K->1031372K(4156864K), 0.0744770 secs] [Times: user=0.21 sys=0.00, real=0.07 secs] 
434434.154: [GC 434434.154: [ParNew
Desired survivor size 19169280 bytes, new threshold 2 (max 15)
- age   1:   14583784 bytes,   14583784 total
- age   2:    6298824 bytes,   20882608 total
- age   3:    6481824 bytes,   27364432 total
: 481546K->37440K(486848K), 0.0524840 secs] 1480780K->1047382K(4156864K), 0.0526370 secs] [Times: user=0.25 sys=0.00, real=0.06 secs] 
439876.155: [GC 439876.155: [ParNew
Desired survivor size 19169280 bytes, new threshold 2 (max 15)
- age   1:   18219352 bytes,   18219352 total
- age   2:    4424160 bytes,   22643512 total
: 486848K->37440K(486848K), 0.0754030 secs] 1496790K->1065484K(4156864K), 0.0755560 secs] [Times: user=0.25 sys=0.01, real=0.07 secs] 
445684.692: [GC 445684.692: [ParNew
Desired survivor size 19169280 bytes, new threshold 1 (max 15)
- age   1:   24076128 bytes,   24076128 total
- age   2:     642400 bytes,   24718528 total
: 486848K->33798K(486848K), 0.0578460 secs] 1514892K->1065909K(4156864K), 0.0580210 secs] [Times: user=0.22 sys=0.00, real=0.06 secs] 
451532.780: [GC 451532.780: [ParNew
Desired survivor size 19169280 bytes, new threshold 1 (max 15)
- age   1:   23942968 bytes,   23942968 total
: 483206K->25575K(486848K), 0.0552720 secs] 1515317K->1058226K(4156864K), 0.0554850 secs] [Times: user=0.16 sys=0.00, real=0.06 secs] 
457249.272: [GC 457249.273: [ParNew
Desired survivor size 19169280 bytes, new threshold 1 (max 15)
- age   1:   24589256 bytes,   24589256 total
: 474983K->27822K(486848K), 0.0439430 secs] 1507634K->1060744K(4156864K), 0.0440530 secs] [Times: user=0.12 sys=0.00, real=0.05 secs] 
462649.290: [GC 462649.290: [ParNew
Desired survivor size 19169280 bytes, new threshold 1 (max 15)
- age   1:   26234136 bytes,   26234136 total
: 477230K->32845K(486848K), 0.0413590 secs] 1510152K->1066154K(4156864K), 0.0414620 secs] [Times: user=0.11 sys=0.00, real=0.04 secs] 
468465.834: [GC 468465.834: [ParNew
Desired survivor size 19169280 bytes, new threshold 1 (max 15)
- age   1:   24560096 bytes,   24560096 total
: 482253K->31161K(486848K), 0.0550970 secs] 1515562K->1066631K(4156864K), 0.0552530 secs] [Times: user=0.18 sys=0.00, real=0.05 secs] 
474492.130: [GC 474492.130: [ParNew
Desired survivor size 19169280 bytes, new threshold 1 (max 15)
- age   1:   23110312 bytes,   23110312 total
: 480569K->25873K(486848K), 0.0554750 secs] 1516039K->1061682K(4156864K), 0.0556340 secs] [Times: user=0.18 sys=0.00, real=0.05 secs] 
480341.316: [GC 480341.317: [ParNew
Desired survivor size 19169280 bytes, new threshold 1 (max 15)
- age   1:   23971200 bytes,   23971200 total
: 475281K->26981K(486848K), 0.0509160 secs] 1511090K->1062930K(4156864K), 0.0510810 secs] [Times: user=0.17 sys=0.00, real=0.05 secs] 
486049.272: [GC 486049.273: [ParNew
Desired survivor size 19169280 bytes, new threshold 1 (max 15)
- age   1:   24467872 bytes,   24467872 total
: 476389K->29155K(486848K), 0.0424330 secs] 1512338K->1065302K(4156864K), 0.0425520 secs] [Times: user=0.11 sys=0.00, real=0.04 secs] 
491606.004: [GC 491606.004: [ParNew
Desired survivor size 19169280 bytes, new threshold 1 (max 15)
- age   1:   23819848 bytes,   23819848 total
: 478563K->28372K(486848K), 0.0474960 secs] 1514710K->1064911K(4156864K), 0.0476080 secs] [Times: user=0.10 sys=0.00, real=0.05 secs] 
497896.219: [GC 497896.219: [ParNew
Desired survivor size 19169280 bytes, new threshold 1 (max 15)
- age   1:   22833200 bytes,   22833200 total
: 477780K->27657K(486848K), 0.0544880 secs] 1514319K->1064426K(4156864K), 0.0546000 secs] [Times: user=0.10 sys=0.00, real=0.06 secs] 
503751.003: [GC 503751.003: [ParNew
Desired survivor size 19169280 bytes, new threshold 1 (max 15)
- age   1:   23894704 bytes,   23894704 total
: 477065K->25796K(486848K), 0.0583490 secs] 1513834K->1062750K(4156864K), 0.0585090 secs] [Times: user=0.18 sys=0.00, real=0.06 secs] 
509449.283: [GC 509449.283: [ParNew
Desired survivor size 19169280 bytes, new threshold 1 (max 15)
- age   1:   24101032 bytes,   24101032 total
: 475204K->27707K(486848K), 0.0429420 secs] 1512158K->1064860K(4156864K), 0.0430480 secs] [Times: user=0.10 sys=0.00, real=0.05 secs] 
515301.934: [GC 515301.934: [ParNew
Desired survivor size 19169280 bytes, new threshold 1 (max 15)
- age   1:   24430528 bytes,   24430528 total
: 477115K->28383K(486848K), 0.0489980 secs] 1514268K->1066028K(4156864K), 0.0491550 secs] [Times: user=0.14 sys=0.00, real=0.04 secs] 
518666.448: [GC 518666.448: [ParNew
Desired survivor size 19169280 bytes, new threshold 1 (max 15)
- age   1:   20534032 bytes,   20534032 total
: 477791K->26748K(486848K), 0.0432900 secs] 1515436K->1064735K(4156864K), 0.0434300 secs] [Times: user=0.11 sys=0.00, real=0.04 secs] 
518667.608: [GC 518667.609: [ParNew
Desired survivor size 19169280 bytes, new threshold 15 (max 15)
- age   1:    6553880 bytes,    6553880 total
: 476156K->14920K(486848K), 0.0565930 secs] 1514143K->1064987K(4156864K), 0.0567190 secs] [Times: user=0.13 sys=0.00, real=0.05 secs] 
518668.666: [GC 518668.666: [ParNew
Desired survivor size 19169280 bytes, new threshold 15 (max 15)
- age   1:    6839912 bytes,    6839912 total
- age   2:    6492944 bytes,   13332856 total
: 464328K->16118K(486848K), 0.0206410 secs] 1514395K->1066185K(4156864K), 0.0207540 secs] [Times: user=0.06 sys=0.00, real=0.02 secs] 
518670.168: [GC 518670.168: [ParNew
Desired survivor size 19169280 bytes, new threshold 3 (max 15)
- age   1:    7693976 bytes,    7693976 total
- age   2:    6796624 bytes,   14490600 total
- age   3:    6480296 bytes,   20970896 total
: 465526K->23587K(486848K), 0.0220090 secs] 1515593K->1073655K(4156864K), 0.0221200 secs] [Times: user=0.07 sys=0.00, real=0.03 secs] 
518671.318: [GC 518671.318: [ParNew
Desired survivor size 19169280 bytes, new threshold 3 (max 15)
- age   1:    5466344 bytes,    5466344 total
- age   2:    7665408 bytes,   13131752 total
- age   3:    6783584 bytes,   19915336 total
: 472995K->29456K(486848K), 0.1397290 secs] 1523063K->1085844K(4156864K), 0.1398460 secs] [Times: user=0.61 sys=0.00, real=0.14 secs] 
519138.055: [GC 519138.056: [ParNew
Desired survivor size 19169280 bytes, new threshold 3 (max 15)
- age   1:   10058184 bytes,   10058184 total
- age   2:    5434408 bytes,   15492592 total
- age   3:    7648072 bytes,   23140664 total
: 478864K->34290K(486848K), 0.0361540 secs] 1535252K->1097297K(4156864K), 0.0363080 secs] [Times: user=0.24 sys=0.00, real=0.04 secs] 
524475.631: [GC 524475.631: [ParNew
Desired survivor size 19169280 bytes, new threshold 2 (max 15)
- age   1:   19031264 bytes,   19031264 total
- age   2:    6209896 bytes,   25241160 total
- age   3:    5434312 bytes,   30675472 total
: 483698K->37440K(486848K), 0.0715720 secs] 1546705K->1112362K(4156864K), 0.0717300 secs] [Times: user=0.29 sys=0.01, real=0.07 secs] 
530308.999: [GC 530309.000: [ParNew
Desired survivor size 19169280 bytes, new threshold 1 (max 15)
- age   1:   20159728 bytes,   20159728 total
- age   2:     422512 bytes,   20582240 total
: 486848K->37439K(486848K), 0.0698590 secs] 1561770K->1126960K(4156864K), 0.0700150 secs] [Times: user=0.24 sys=0.01, real=0.07 secs] 
536161.967: [GC 536161.967: [ParNew
Desired survivor size 19169280 bytes, new threshold 1 (max 15)
- age   1:   23484952 bytes,   23484952 total
: 486847K->27278K(486848K), 0.0571460 secs] 1576368K->1118241K(4156864K), 0.0572980 secs] [Times: user=0.16 sys=0.00, real=0.06 secs] 
541849.273: [GC 541849.273: [ParNew
Desired survivor size 19169280 bytes, new threshold 1 (max 15)
- age   1:   24022280 bytes,   24022280 total
: 476686K->26272K(486848K), 0.0432480 secs] 1567649K->1117566K(4156864K), 0.0433600 secs] [Times: user=0.11 sys=0.00, real=0.04 secs] 
547415.378: [GC 547415.378: [ParNew
Desired survivor size 19169280 bytes, new threshold 1 (max 15)
- age   1:   22570288 bytes,   22570288 total
: 475680K->28045K(486848K), 0.0506820 secs] 1566974K->1119837K(4156864K), 0.0508400 secs] [Times: user=0.18 sys=0.00, real=0.05 secs] 
553367.192: [GC 553367.192: [ParNew
Desired survivor size 19169280 bytes, new threshold 1 (max 15)
- age   1:   24887856 bytes,   24887856 total
: 477453K->27149K(486848K), 0.0434010 secs] 1569245K->1119092K(4156864K), 0.0435130 secs] [Times: user=0.12 sys=0.00, real=0.04 secs] 
559567.188: [GC 559567.188: [ParNew
Desired survivor size 19169280 bytes, new threshold 1 (max 15)
- age   1:   21802480 bytes,   21802480 total
: 476557K->27102K(486848K), 0.0520880 secs] 1568500K->1119371K(4156864K), 0.0521970 secs] [Times: user=0.13 sys=0.00, real=0.06 secs] 
565249.241: [GC 565249.241: [ParNew
Desired survivor size 19169280 bytes, new threshold 1 (max 15)
- age   1:   24267856 bytes,   24267856 total
: 476510K->25955K(486848K), 0.0491590 secs] 1568779K->1118334K(4156864K), 0.0492670 secs] [Times: user=0.13 sys=0.00, real=0.05 secs] 
570821.849: [GC 570821.849: [ParNew
Desired survivor size 19169280 bytes, new threshold 1 (max 15)
- age   1:   20785664 bytes,   20785664 total
: 475363K->25423K(486848K), 0.0521290 secs] 1567742K->1118166K(4156864K), 0.0522850 secs] [Times: user=0.18 sys=0.00, real=0.05 secs] 
576740.017: [GC 576740.017: [ParNew
Desired survivor size 19169280 bytes, new threshold 1 (max 15)
- age   1:   24693848 bytes,   24693848 total
: 474831K->27524K(486848K), 0.0539130 secs] 1567574K->1120340K(4156864K), 0.0540700 secs] [Times: user=0.17 sys=0.00, real=0.05 secs] 
582975.788: [GC 582975.788: [ParNew
Desired survivor size 19169280 bytes, new threshold 1 (max 15)
- age   1:   22651784 bytes,   22651784 total
: 476932K->25905K(486848K), 0.0582630 secs] 1569748K->1118995K(4156864K), 0.0584250 secs] [Times: user=0.15 sys=0.00, real=0.06 secs] 
588649.260: [GC 588649.260: [ParNew
Desired survivor size 19169280 bytes, new threshold 1 (max 15)
- age   1:   27800656 bytes,   27800656 total
: 475313K->31173K(486848K), 0.0429650 secs] 1568403K->1124412K(4156864K), 0.0430800 secs] [Times: user=0.11 sys=0.00, real=0.04 secs] 
594232.756: [GC 594232.756: [ParNew
Desired survivor size 19169280 bytes, new threshold 1 (max 15)
- age   1:   23562096 bytes,   23562096 total
: 480581K->26707K(486848K), 0.0589070 secs] 1573820K->1120284K(4156864K), 0.0590660 secs] [Times: user=0.15 sys=0.00, real=0.06 secs] 
600470.423: [GC 600470.423: [ParNew
Desired survivor size 19169280 bytes, new threshold 1 (max 15)
- age   1:   25269744 bytes,   25269744 total
: 476115K->30033K(486848K), 0.0542140 secs] 1569692K->1123819K(4156864K), 0.0543280 secs] [Times: user=0.14 sys=0.00, real=0.05 secs] 
605066.221: [GC 605066.222: [ParNew
Desired survivor size 19169280 bytes, new threshold 1 (max 15)
- age   1:   22458216 bytes,   22458216 total
: 479441K->28842K(486848K), 0.0397110 secs] 1573227K->1123091K(4156864K), 0.0398390 secs] [Times: user=0.09 sys=0.00, real=0.04 secs] 
605067.469: [GC 605067.469: [ParNew
Desired survivor size 19169280 bytes, new threshold 15 (max 15)
- age   1:    6260976 bytes,    6260976 total
: 478250K->13824K(486848K), 0.0373500 secs] 1572499K->1118782K(4156864K), 0.0374890 secs] [Times: user=0.09 sys=0.00, real=0.04 secs] 
605068.666: [GC 605068.666: [ParNew
Desired survivor size 19169280 bytes, new threshold 15 (max 15)
- age   1:    6987888 bytes,    6987888 total
- age   2:    6199008 bytes,   13186896 total
: 463232K->13885K(486848K), 0.0320040 secs] 1568190K->1118843K(4156864K), 0.0321550 secs] [Times: user=0.08 sys=0.00, real=0.03 secs] 
605069.794: [GC 605069.794: [ParNew
Desired survivor size 19169280 bytes, new threshold 3 (max 15)
- age   1:    7661832 bytes,    7661832 total
- age   2:    6937056 bytes,   14598888 total
- age   3:    6190984 bytes,   20789872 total
: 463293K->27263K(486848K), 0.0176440 secs] 1568251K->1132221K(4156864K), 0.0177510 secs] [Times: user=0.08 sys=0.00, real=0.02 secs] 
605070.856: [GC 605070.856: [ParNew
Desired survivor size 19169280 bytes, new threshold 3 (max 15)
- age   1:    5337968 bytes,    5337968 total
- age   2:    7629328 bytes,   12967296 total
- age   3:    6922400 bytes,   19889696 total
: 476671K->33647K(486848K), 0.1242620 secs] 1581629K->1144645K(4156864K), 0.1243880 secs] [Times: user=0.58 sys=0.01, real=0.12 secs] 
605072.031: [GC 605072.031: [ParNew
Desired survivor size 19169280 bytes, new threshold 3 (max 15)
- age   1:    6779960 bytes,    6779960 total
- age   2:    5306904 bytes,   12086864 total
- age   3:    7610376 bytes,   19697240 total
: 483055K->26485K(486848K), 0.1070340 secs] 1594053K->1144234K(4156864K), 0.1071550 secs] [Times: user=0.46 sys=0.01, real=0.11 secs] 
609461.219: [GC 609461.219: [ParNew
Desired survivor size 19169280 bytes, new threshold 2 (max 15)
- age   1:   14333216 bytes,   14333216 total
- age   2:    6728064 bytes,   21061280 total
- age   3:    5306192 bytes,   26367472 total
: 475893K->37440K(486848K), 0.0698960 secs] 1593642K->1170060K(4156864K), 0.0700600 secs] [Times: user=0.25 sys=0.00, real=0.07 secs] 
614937.560: [GC 614937.560: [ParNew
Desired survivor size 19169280 bytes, new threshold 2 (max 15)
- age   1:   18559456 bytes,   18559456 total
- age   2:    2729656 bytes,   21289112 total
: 486848K->37439K(486848K), 0.0708270 secs] 1619468K->1184493K(4156864K), 0.0709860 secs] [Times: user=0.25 sys=0.00, real=0.07 secs] 
620646.190: [GC 620646.190: [ParNew
Desired survivor size 19169280 bytes, new threshold 1 (max 15)
- age   1:   24332528 bytes,   24332528 total
- age   2:     518688 bytes,   24851216 total
: 486847K->28489K(486848K), 0.0475870 secs] 1633901K->1177837K(4156864K), 0.0477430 secs] [Times: user=0.14 sys=0.01, real=0.05 secs] 
626449.225: [GC 626449.225: [ParNew
Desired survivor size 19169280 bytes, new threshold 1 (max 15)
- age   1:   24349296 bytes,   24349296 total
: 477897K->28454K(486848K), 0.0450300 secs] 1627245K->1178584K(4156864K), 0.0451580 secs] [Times: user=0.11 sys=0.00, real=0.05 secs] 
631849.385: [GC 631849.385: [ParNew
Desired survivor size 19169280 bytes, new threshold 1 (max 15)
- age   1:   23159680 bytes,   23159680 total
: 477862K->26562K(486848K), 0.0443180 secs] 1627992K->1177062K(4156864K), 0.0444770 secs] [Times: user=0.13 sys=0.00, real=0.04 secs] 
637473.740: [GC 637473.740: [ParNew
Desired survivor size 19169280 bytes, new threshold 1 (max 15)
- age   1:   26750344 bytes,   26750344 total
: 475970K->32816K(486848K), 0.0701060 secs] 1626470K->1183654K(4156864K), 0.0703050 secs] [Times: user=0.17 sys=0.00, real=0.07 secs] 
643756.188: [GC 643756.188: [ParNew
Desired survivor size 19169280 bytes, new threshold 1 (max 15)
- age   1:   24387576 bytes,   24387576 total
: 482224K->31246K(486848K), 0.0575520 secs] 1633062K->1183136K(4156864K), 0.0577100 secs] [Times: user=0.19 sys=0.00, real=0.06 secs] 
649609.595: [GC 649609.595: [ParNew
Desired survivor size 19169280 bytes, new threshold 1 (max 15)
- age   1:   22604304 bytes,   22604304 total
: 480654K->25965K(486848K), 0.0525450 secs] 1632544K->1178180K(4156864K), 0.0527010 secs] [Times: user=0.17 sys=0.00, real=0.05 secs] 
655249.250: [GC 655249.250: [ParNew
Desired survivor size 19169280 bytes, new threshold 1 (max 15)
- age   1:   23787832 bytes,   23787832 total
: 475373K->29082K(486848K), 0.0429450 secs] 1627588K->1182105K(4156864K), 0.0430550 secs] [Times: user=0.10 sys=0.00, real=0.04 secs] 
660864.149: [GC 660864.149: [ParNew
Desired survivor size 19169280 bytes, new threshold 1 (max 15)
- age   1:   23688360 bytes,   23688360 total
: 478490K->28796K(486848K), 0.0537110 secs] 1631513K->1182207K(4156864K), 0.0538890 secs] [Times: user=0.16 sys=0.00, real=0.06 secs] 
667164.572: [GC 667164.572: [ParNew
Desired survivor size 19169280 bytes, new threshold 1 (max 15)
- age   1:   21719680 bytes,   21719680 total
: 478204K->27240K(486848K), 0.0549010 secs] 1631615K->1180858K(4156864K), 0.0550710 secs] [Times: user=0.18 sys=0.00, real=0.05 secs] 
673017.588: [GC 673017.588: [ParNew
Desired survivor size 19169280 bytes, new threshold 1 (max 15)
- age   1:   23532160 bytes,   23532160 total
: 476648K->25097K(486848K), 0.0560660 secs] 1630266K->1178908K(4156864K), 0.0562240 secs] [Times: user=0.18 sys=0.00, real=0.06 secs] 
678649.282: [GC 678649.282: [ParNew
Desired survivor size 19169280 bytes, new threshold 1 (max 15)
- age   1:   23973440 bytes,   23973440 total
: 474505K->28845K(486848K), 0.0416960 secs] 1628316K->1182855K(4156864K), 0.0418010 secs] [Times: user=0.11 sys=0.00, real=0.04 secs] 
684624.402: [GC 684624.402: [ParNew
Desired survivor size 19169280 bytes, new threshold 1 (max 15)
- age   1:   24590760 bytes,   24590760 total
: 478253K->29521K(486848K), 0.0560510 secs] 1632263K->1184023K(4156864K), 0.0562150 secs] [Times: user=0.18 sys=0.00, real=0.06 secs] 
690573.540: [GC 690573.540: [ParNew
Desired survivor size 19169280 bytes, new threshold 1 (max 15)
- age   1:   22939520 bytes,   22939520 total
: 478929K->30510K(486848K), 0.0582770 secs] 1633431K->1185346K(4156864K), 0.0584430 secs] [Times: user=0.17 sys=0.00, real=0.06 secs] 
691467.123: [GC 691467.123: [ParNew
Desired survivor size 19169280 bytes, new threshold 15 (max 15)
- age   1:   11855264 bytes,   11855264 total
: 479918K->12462K(486848K), 0.0205940 secs] 1634754K->1172592K(4156864K), 0.0207260 secs] [Times: user=0.07 sys=0.00, real=0.02 secs] 
691468.163: [GC 691468.163: [ParNew
Desired survivor size 19169280 bytes, new threshold 15 (max 15)
- age   1:    6504936 bytes,    6504936 total
- age   2:    9967080 bytes,   16472016 total
: 461870K->19905K(486848K), 0.0155690 secs] 1622000K->1180035K(4156864K), 0.0156850 secs] [Times: user=0.07 sys=0.00, real=0.02 secs] 
691469.205: [GC 691469.205: [ParNew
Desired survivor size 19169280 bytes, new threshold 3 (max 15)
- age   1:    7366176 bytes,    7366176 total
- age   2:    6460512 bytes,   13826688 total
- age   3:    9962120 bytes,   23788808 total
: 469313K->32087K(486848K), 0.0188870 secs] 1629443K->1192217K(4156864K), 0.0190090 secs] [Times: user=0.09 sys=0.00, real=0.02 secs] 
691470.259: [GC 691470.259: [ParNew
Desired survivor size 19169280 bytes, new threshold 3 (max 15)
- age   1:    6279056 bytes,    6279056 total
- age   2:    7342408 bytes,   13621464 total
- age   3:    6448440 bytes,   20069904 total
: 481495K->34102K(486848K), 0.2023890 secs] 1641625K->1203971K(4156864K), 0.2025200 secs] [Times: user=0.86 sys=0.01, real=0.20 secs] 
691471.515: [GC 691471.515: [ParNew
Desired survivor size 19169280 bytes, new threshold 3 (max 15)
- age   1:    6518296 bytes,    6518296 total
- age   2:    6227288 bytes,   12745584 total
- age   3:    7337136 bytes,   20082720 total
: 483510K->25193K(486848K), 0.0352060 secs] 1653379K->1201346K(4156864K), 0.0353190 secs] [Times: user=0.11 sys=0.01, real=0.04 secs] 
694173.519: [GC 694173.519: [ParNew
Desired survivor size 19169280 bytes, new threshold 2 (max 15)
- age   1:   17189896 bytes,   17189896 total
- age   2:    6472408 bytes,   23662304 total
- age   3:    6225432 bytes,   29887736 total
: 474601K->37264K(486848K), 0.0454850 secs] 1650754K->1220568K(4156864K), 0.0455940 secs] [Times: user=0.21 sys=0.01, real=0.04 secs] 
699576.619: [GC 699576.619: [ParNew
Desired survivor size 19169280 bytes, new threshold 1 (max 15)
- age   1:   20063760 bytes,   20063760 total
- age   2:    3099768 bytes,   23163528 total
: 486672K->37439K(486848K), 0.0685500 secs] 1669976K->1236421K(4156864K), 0.0687070 secs] [Times: user=0.24 sys=0.01, real=0.07 secs] 
705282.507: [GC 705282.507: [ParNew
Desired survivor size 19169280 bytes, new threshold 1 (max 15)
- age   1:   24009336 bytes,   24009336 total
: 486847K->30750K(486848K), 0.0431990 secs] 1685829K->1233461K(4156864K), 0.0433290 secs] [Times: user=0.11 sys=0.00, real=0.05 secs] 
711049.233: [GC 711049.233: [ParNew
Desired survivor size 19169280 bytes, new threshold 1 (max 15)
- age   1:   24357824 bytes,   24357824 total
: 480158K->26238K(486848K), 0.0445080 secs] 1682869K->1229289K(4156864K), 0.0446220 secs] [Times: user=0.10 sys=0.00, real=0.05 secs] 
716552.546: [GC 716552.546: [ParNew
Desired survivor size 19169280 bytes, new threshold 1 (max 15)
- age   1:   23627000 bytes,   23627000 total
: 475646K->28026K(486848K), 0.0535780 secs] 1678697K->1231418K(4156864K), 0.0537360 secs] [Times: user=0.17 sys=0.00, real=0.05 secs] 
722536.819: [GC 722536.819: [ParNew
Desired survivor size 19169280 bytes, new threshold 1 (max 15)
- age   1:   22868896 bytes,   22868896 total
: 477434K->29667K(486848K), 0.0519280 secs] 1680826K->1233419K(4156864K), 0.0520830 secs] [Times: user=0.16 sys=0.00, real=0.05 secs] 
728398.943: [GC 728398.943: [ParNew
Desired survivor size 19169280 bytes, new threshold 1 (max 15)
- age   1:   24831904 bytes,   24831904 total
: 479075K->26318K(486848K), 0.0442590 secs] 1682827K->1230148K(4156864K), 0.0443740 secs] [Times: user=0.12 sys=0.00, real=0.05 secs] 
734449.245: [GC 734449.245: [ParNew
Desired survivor size 19169280 bytes, new threshold 1 (max 15)
- age   1:   24897832 bytes,   24897832 total
: 475726K->29623K(486848K), 0.0435380 secs] 1679556K->1233674K(4156864K), 0.0436470 secs] [Times: user=0.10 sys=0.00, real=0.04 secs] 
739905.471: [GC 739905.471: [ParNew
Desired survivor size 19169280 bytes, new threshold 1 (max 15)
- age   1:   23353688 bytes,   23353688 total
: 479031K->27673K(486848K), 0.0502580 secs] 1683082K->1232198K(4156864K), 0.0504160 secs] [Times: user=0.17 sys=0.00, real=0.05 secs] 
745848.412: [GC 745848.412: [ParNew
Desired survivor size 19169280 bytes, new threshold 1 (max 15)
- age   1:   24696152 bytes,   24696152 total
: 477081K->30350K(486848K), 0.0517790 secs] 1681606K->1235215K(4156864K), 0.0519570 secs] [Times: user=0.10 sys=0.00, real=0.05 secs] 
751964.652: [GC 751964.652: [ParNew
Desired survivor size 19169280 bytes, new threshold 1 (max 15)
- age   1:   25239000 bytes,   25239000 total
: 479758K->29790K(486848K), 0.0525940 secs] 1684623K->1234990K(4156864K), 0.0527510 secs] [Times: user=0.17 sys=0.00, real=0.05 secs] 
757849.232: [GC 757849.232: [ParNew
Desired survivor size 19169280 bytes, new threshold 1 (max 15)
- age   1:   24652264 bytes,   24652264 total
: 479198K->29131K(486848K), 0.0436050 secs] 1684398K->1234661K(4156864K), 0.0437150 secs] [Times: user=0.10 sys=0.00, real=0.05 secs] 
763305.471: [GC 763305.471: [ParNew
Desired survivor size 19169280 bytes, new threshold 1 (max 15)
- age   1:   23337040 bytes,   23337040 total
: 478539K->29395K(486848K), 0.0486110 secs] 1684069K->1235268K(4156864K), 0.0487740 secs] [Times: user=0.16 sys=0.00, real=0.05 secs] 
769353.734: [GC 769353.734: [ParNew
Desired survivor size 19169280 bytes, new threshold 1 (max 15)
- age   1:   24747800 bytes,   24747800 total
: 478803K->29758K(486848K), 0.0507800 secs] 1684676K->1235996K(4156864K), 0.0509380 secs] [Times: user=0.18 sys=0.00, real=0.05 secs] 
775445.990: [GC 775445.990: [ParNew
Desired survivor size 19169280 bytes, new threshold 1 (max 15)
- age   1:   25055312 bytes,   25055312 total
: 479166K->30432K(486848K), 0.0535420 secs] 1685404K->1236966K(4156864K), 0.0537000 secs] [Times: user=0.18 sys=0.00, real=0.05 secs] 
777866.640: [GC 777866.640: [ParNew
Desired survivor size 19169280 bytes, new threshold 1 (max 15)
- age   1:   19236920 bytes,   19236920 total
: 479840K->24366K(486848K), 0.0322310 secs] 1686374K->1231278K(4156864K), 0.0323420 secs] [Times: user=0.11 sys=0.00, real=0.03 secs] 
777867.724: [GC 777867.724: [ParNew
Desired survivor size 19169280 bytes, new threshold 15 (max 15)
- age   1:    6196392 bytes,    6196392 total
: 473774K->14461K(486848K), 0.0505490 secs] 1680686K->1234746K(4156864K), 0.0506550 secs] [Times: user=0.10 sys=0.01, real=0.05 secs] 
777868.838: [GC 777868.838: [ParNew
Desired survivor size 19169280 bytes, new threshold 15 (max 15)
- age   1:    7046168 bytes,    7046168 total
- age   2:    6144472 bytes,   13190640 total
: 463869K->15036K(486848K), 0.0143800 secs] 1684154K->1235321K(4156864K), 0.0144910 secs] [Times: user=0.06 sys=0.00, real=0.01 secs] 
777870.239: [GC 777870.239: [ParNew
Desired survivor size 19169280 bytes, new threshold 3 (max 15)
- age   1:    7303952 bytes,    7303952 total
- age   2:    7011592 bytes,   14315544 total
- age   3:    6130696 bytes,   20446240 total
: 464444K->23430K(486848K), 0.0222970 secs] 1684729K->1243716K(4156864K), 0.0224030 secs] [Times: user=0.08 sys=0.00, real=0.02 secs] 
777871.411: [GC 777871.411: [ParNew
Desired survivor size 19169280 bytes, new threshold 3 (max 15)
- age   1:    5852472 bytes,    5852472 total
- age   2:    7265248 bytes,   13117720 total
- age   3:    7004528 bytes,   20122248 total
: 472838K->28801K(486848K), 0.0642710 secs] 1693124K->1255058K(4156864K), 0.0643980 secs] [Times: user=0.10 sys=0.01, real=0.06 secs] 
779091.005: [GC 779091.005: [ParNew
Desired survivor size 19169280 bytes, new threshold 2 (max 15)
- age   1:   14863464 bytes,   14863464 total
- age   2:    5816096 bytes,   20679560 total
- age   3:    7231272 bytes,   27910832 total
: 478209K->37440K(486848K), 0.0418770 secs] 1704466K->1272947K(4156864K), 0.0420410 secs] [Times: user=0.21 sys=0.01, real=0.05 secs] 
784647.259: [GC 784647.259: [ParNew
Desired survivor size 19169280 bytes, new threshold 2 (max 15)
- age   1:   16533480 bytes,   16533480 total
- age   2:    5790120 bytes,   22323600 total
: 486848K->37440K(486848K), 0.0795730 secs] 1722355K->1292805K(4156864K), 0.0797340 secs] [Times: user=0.25 sys=0.01, real=0.08 secs] 
790249.231: [GC 790249.231: [ParNew
Desired survivor size 19169280 bytes, new threshold 1 (max 15)
- age   1:   23971136 bytes,   23971136 total
- age   2:    1838984 bytes,   25810120 total
: 486848K->33065K(486848K), 0.0459220 secs] 1742213K->1293809K(4156864K), 0.0460330 secs] [Times: user=0.13 sys=0.00, real=0.05 secs] 
795649.279: [GC 795649.279: [ParNew
Desired survivor size 19169280 bytes, new threshold 1 (max 15)
- age   1:   23798232 bytes,   23798232 total
: 482473K->29532K(486848K), 0.0432820 secs] 1743217K->1292422K(4156864K), 0.0433960 secs] [Times: user=0.10 sys=0.00, real=0.04 secs] 
801360.208: [GC 801360.208: [ParNew
Desired survivor size 19169280 bytes, new threshold 1 (max 15)
- age   1:   24060016 bytes,   24060016 total
: 478940K->29446K(486848K), 0.0569330 secs] 1741830K->1292728K(4156864K), 0.0571120 secs] [Times: user=0.17 sys=0.00, real=0.05 secs] 
807359.751: [GC 807359.751: [ParNew
Desired survivor size 19169280 bytes, new threshold 1 (max 15)
- age   1:   25037056 bytes,   25037056 total
: 478854K->27986K(486848K), 0.0571160 secs] 1742136K->1291566K(4156864K), 0.0572790 secs] [Times: user=0.19 sys=0.00, real=0.06 secs] 
813474.015: [GC 813474.015: [ParNew
Desired survivor size 19169280 bytes, new threshold 1 (max 15)
- age   1:   23074432 bytes,   23074432 total
: 477394K->28758K(486848K), 0.0497960 secs] 1740974K->1293041K(4156864K), 0.0499070 secs] [Times: user=0.09 sys=0.00, real=0.05 secs] 
819049.280: [GC 819049.280: [ParNew
Desired survivor size 19169280 bytes, new threshold 1 (max 15)
- age   1:   24568784 bytes,   24568784 total
: 478166K->26435K(486848K), 0.0414010 secs] 1742449K->1290798K(4156864K), 0.0415140 secs] [Times: user=0.11 sys=0.00, real=0.04 secs] 
824729.580: [GC 824729.580: [ParNew
Desired survivor size 19169280 bytes, new threshold 1 (max 15)
- age   1:   23333504 bytes,   23333504 total
: 475843K->26096K(486848K), 0.0586980 secs] 1740206K->1290797K(4156864K), 0.0588550 secs] [Times: user=0.18 sys=0.00, real=0.06 secs] 
830892.854: [GC 830892.854: [ParNew
Desired survivor size 19169280 bytes, new threshold 1 (max 15)
- age   1:   25134664 bytes,   25134664 total
: 475504K->29716K(486848K), 0.0533720 secs] 1740205K->1294628K(4156864K), 0.0535320 secs] [Times: user=0.17 sys=0.00, real=0.05 secs] 
836881.259: [GC 836881.259: [ParNew
Desired survivor size 19169280 bytes, new threshold 1 (max 15)
- age   1:   24545688 bytes,   24545688 total
: 479124K->29097K(486848K), 0.0532540 secs] 1744036K->1294472K(4156864K), 0.0533630 secs] [Times: user=0.13 sys=0.00, real=0.05 secs] 
842449.269: [GC 842449.269: [ParNew
Desired survivor size 19169280 bytes, new threshold 1 (max 15)
- age   1:   24333600 bytes,   24333600 total
: 478505K->29623K(486848K), 0.0414930 secs] 1743880K->1295089K(4156864K), 0.0416060 secs] [Times: user=0.11 sys=0.00, real=0.04 secs] 
848139.974: [GC 848139.974: [ParNew
Desired survivor size 19169280 bytes, new threshold 1 (max 15)
- age   1:   24047568 bytes,   24047568 total
: 479031K->27774K(486848K), 0.0512630 secs] 1744497K->1293605K(4156864K), 0.0514180 secs] [Times: user=0.18 sys=0.01, real=0.05 secs] 
854294.679: [GC 854294.679: [ParNew
Desired survivor size 19169280 bytes, new threshold 1 (max 15)
- age   1:   25148672 bytes,   25148672 total
: 477182K->30712K(486848K), 0.0496660 secs] 1743013K->1296753K(4156864K), 0.0498230 secs] [Times: user=0.16 sys=0.00, real=0.05 secs] 
860291.185: [GC 860291.185: [ParNew
Desired survivor size 19169280 bytes, new threshold 1 (max 15)
- age   1:   23936760 bytes,   23936760 total
: 480120K->29575K(486848K), 0.0567940 secs] 1746161K->1296078K(4156864K), 0.0569500 secs] [Times: user=0.19 sys=0.00, real=0.05 secs] 
864266.369: [GC 864266.369: [ParNew
Desired survivor size 19169280 bytes, new threshold 1 (max 15)
- age   1:   21113080 bytes,   21113080 total
: 478983K->24451K(486848K), 0.0396400 secs] 1745486K->1291170K(4156864K), 0.0397670 secs] [Times: user=0.08 sys=0.00, real=0.04 secs] 
864267.665: [GC 864267.665: [ParNew
Desired survivor size 19169280 bytes, new threshold 15 (max 15)
- age   1:    6463624 bytes,    6463624 total
: 473859K->14030K(486848K), 0.0645700 secs] 1740578K->1292187K(4156864K), 0.0646750 secs] [Times: user=0.13 sys=0.00, real=0.07 secs] 
864268.782: [GC 864268.782: [ParNew
Desired survivor size 19169280 bytes, new threshold 15 (max 15)
- age   1:    6904336 bytes,    6904336 total
- age   2:    6403624 bytes,   13307960 total
: 463438K->14203K(486848K), 0.0144720 secs] 1741595K->1292359K(4156864K), 0.0145820 secs] [Times: user=0.06 sys=0.00, real=0.02 secs] 
864269.873: [GC 864269.873: [ParNew
Desired survivor size 19169280 bytes, new threshold 3 (max 15)
- age   1:    7727464 bytes,    7727464 total
- age   2:    6847488 bytes,   14574952 total
- age   3:    6396184 bytes,   20971136 total
: 463611K->23426K(486848K), 0.0264900 secs] 1741767K->1301583K(4156864K), 0.0266060 secs] [Times: user=0.08 sys=0.00, real=0.03 secs] 
864271.018: [GC 864271.018: [ParNew
Desired survivor size 19169280 bytes, new threshold 3 (max 15)
- age   1:    5415672 bytes,    5415672 total
- age   2:    7699040 bytes,   13114712 total
- age   3:    6834224 bytes,   19948936 total
: 472834K->29427K(486848K), 0.0378500 secs] 1750991K->1313824K(4156864K), 0.0379560 secs] [Times: user=0.11 sys=0.00, real=0.04 secs] 
864272.146: [GC 864272.146: [ParNew
Desired survivor size 19169280 bytes, new threshold 3 (max 15)
- age   1:    6842960 bytes,    6842960 total
- age   2:    5379512 bytes,   12222472 total
- age   3:    7680776 bytes,   19903248 total
: 478835K->28702K(486848K), 0.0542420 secs] 1763232K->1319764K(4156864K), 0.0543740 secs] [Times: user=0.14 sys=0.00, real=0.05 secs] 
868842.956: [GC 868842.956: [ParNew
Desired survivor size 19169280 bytes, new threshold 2 (max 15)
- age   1:   16349768 bytes,   16349768 total
- age   2:    6821528 bytes,   23171296 total
- age   3:    5376712 bytes,   28548008 total
: 478110K->37440K(486848K), 0.0511280 secs] 1769172K->1338203K(4156864K), 0.0512620 secs] [Times: user=0.14 sys=0.00, real=0.06 secs] 
874246.566: [GC 874246.566: [ParNew
Desired survivor size 19169280 bytes, new threshold 1 (max 15)
- age   1:   22469880 bytes,   22469880 total
- age   2:     463448 bytes,   22933328 total
: 486848K->37190K(486848K), 0.0702040 secs] 1787611K->1349864K(4156864K), 0.0703820 secs] [Times: user=0.28 sys=0.01, real=0.08 secs] 
880099.727: [GC 880099.727: [ParNew
Desired survivor size 19169280 bytes, new threshold 1 (max 15)
- age   1:   22118800 bytes,   22118800 total
: 486598K->25110K(486848K), 0.0478910 secs] 1799272K->1338348K(4156864K), 0.0480270 secs] [Times: user=0.13 sys=0.00, real=0.05 secs] 
885649.228: [GC 885649.228: [ParNew
Desired survivor size 19169280 bytes, new threshold 1 (max 15)
- age   1:   23860920 bytes,   23860920 total
: 474518K->26615K(486848K), 0.0434820 secs] 1787756K->1339938K(4156864K), 0.0435950 secs] [Times: user=0.10 sys=0.00, real=0.04 secs] 
891050.675: [GC 891050.675: [ParNew
Desired survivor size 19169280 bytes, new threshold 1 (max 15)
- age   1:   23305936 bytes,   23305936 total
: 476023K->26901K(486848K), 0.0479130 secs] 1789346K->1340588K(4156864K), 0.0480680 secs] [Times: user=0.16 sys=0.00, real=0.04 secs] 
896975.585: [GC 896975.585: [ParNew
Desired survivor size 19169280 bytes, new threshold 1 (max 15)
- age   1:   24705632 bytes,   24705632 total
: 476309K->28954K(486848K), 0.0542080 secs] 1789996K->1342980K(4156864K), 0.0543210 secs] [Times: user=0.13 sys=0.00, real=0.06 secs] 
903059.598: [GC 903059.598: [ParNew
Desired survivor size 19169280 bytes, new threshold 1 (max 15)
- age   1:   24084488 bytes,   24084488 total
: 478362K->29715K(486848K), 0.0465180 secs] 1792388K->1344051K(4156864K), 0.0466740 secs] [Times: user=0.09 sys=0.00, real=0.05 secs] 
908914.828: [GC 908914.828: [ParNew
Desired survivor size 19169280 bytes, new threshold 1 (max 15)
- age   1:   23766528 bytes,   23766528 total
: 479123K->25803K(486848K), 0.0448470 secs] 1793459K->1340361K(4156864K), 0.0449790 secs] [Times: user=0.09 sys=0.00, real=0.05 secs] 
914449.246: [GC 914449.246: [ParNew
Desired survivor size 19169280 bytes, new threshold 1 (max 15)
- age   1:   30221512 bytes,   30221512 total
: 475211K->35648K(486848K), 0.0447460 secs] 1789769K->1350488K(4156864K), 0.0448650 secs] [Times: user=0.10 sys=0.00, real=0.05 secs] 
920164.524: [GC 920164.524: [ParNew
Desired survivor size 19169280 bytes, new threshold 1 (max 15)
- age   1:   22757600 bytes,   22757600 total
: 485056K->31549K(486848K), 0.0439340 secs] 1799896K->1347663K(4156864K), 0.0440380 secs] [Times: user=0.11 sys=0.00, real=0.05 secs] 
926328.463: [GC 926328.464: [ParNew
Desired survivor size 19169280 bytes, new threshold 1 (max 15)
- age   1:   25306504 bytes,   25306504 total
: 480957K->27188K(486848K), 0.0502820 secs] 1797071K->1343965K(4156864K), 0.0504390 secs] [Times: user=0.14 sys=0.00, real=0.05 secs] 
932196.683: [GC 932196.683: [ParNew
Desired survivor size 19169280 bytes, new threshold 1 (max 15)
- age   1:   24407448 bytes,   24407448 total
: 476596K->29012K(486848K), 0.0574590 secs] 1793373K->1346155K(4156864K), 0.0576270 secs] [Times: user=0.17 sys=0.00, real=0.06 secs] 
937849.263: [GC 937849.263: [ParNew
Desired survivor size 19169280 bytes, new threshold 1 (max 15)
- age   1:   26523848 bytes,   26523848 total
: 478420K->32170K(486848K), 0.0422550 secs] 1795563K->1349647K(4156864K), 0.0423650 secs] [Times: user=0.11 sys=0.00, real=0.05 secs] 
943574.170: [GC 943574.170: [ParNew
Desired survivor size 19169280 bytes, new threshold 1 (max 15)
- age   1:   23441624 bytes,   23441624 total
: 481578K->29717K(486848K), 0.0526920 secs] 1799055K->1347534K(4156864K), 0.0528670 secs] [Times: user=0.17 sys=0.00, real=0.05 secs] 
949719.197: [GC 949719.197: [ParNew
Desired survivor size 19169280 bytes, new threshold 1 (max 15)
- age   1:   25126440 bytes,   25126440 total
: 479125K->28258K(486848K), 0.0651560 secs] 1796942K->1346285K(4156864K), 0.0653110 secs] [Times: user=0.21 sys=0.00, real=0.07 secs] 
950666.952: [GC 950666.952: [ParNew
Desired survivor size 19169280 bytes, new threshold 15 (max 15)
- age   1:   14500288 bytes,   14500288 total
: 477666K->18377K(486848K), 0.0282540 secs] 1795693K->1339360K(4156864K), 0.0283930 secs] [Times: user=0.08 sys=0.00, real=0.03 secs] 
950668.027: [GC 950668.027: [ParNew
Desired survivor size 19169280 bytes, new threshold 15 (max 15)
- age   1:    6427904 bytes,    6427904 total
- age   2:   12486280 bytes,   18914184 total
: 467785K->21811K(486848K), 0.1050880 secs] 1788768K->1342794K(4156864K), 0.1052250 secs] [Times: user=0.31 sys=0.01, real=0.10 secs] 
950669.400: [GC 950669.400: [ParNew
Desired survivor size 19169280 bytes, new threshold 3 (max 15)
- age   1:    7325592 bytes,    7325592 total
- age   2:    6381672 bytes,   13707264 total
- age   3:   12470400 bytes,   26177664 total
: 471219K->35585K(486848K), 0.0210260 secs] 1792202K->1356568K(4156864K), 0.0211410 secs] [Times: user=0.09 sys=0.00, real=0.02 secs] 
950670.722: [GC 950670.722: [ParNew
Desired survivor size 19169280 bytes, new threshold 3 (max 15)
- age   1:    6489168 bytes,    6489168 total
- age   2:    7294240 bytes,   13783408 total
- age   3:    6363120 bytes,   20146528 total
: 484993K->29192K(486848K), 0.0459870 secs] 1805976K->1362364K(4156864K), 0.0461060 secs] [Times: user=0.12 sys=0.00, real=0.05 secs] 
950671.828: [GC 950671.828: [ParNew
Desired survivor size 19169280 bytes, new threshold 3 (max 15)
- age   1:    6368672 bytes,    6368672 total
- age   2:    6438040 bytes,   12806712 total
- age   3:    7287152 bytes,   20093864 total
: 478600K->30884K(486848K), 0.0678380 secs] 1811772K->1370257K(4156864K), 0.0679720 secs] [Times: user=0.23 sys=0.01, real=0.06 secs] 
953028.925: [GC 953028.925: [ParNew
Desired survivor size 19169280 bytes, new threshold 2 (max 15)
- age   1:   13063544 bytes,   13063544 total
- age   2:    6335320 bytes,   19398864 total
- age   3:    6423088 bytes,   25821952 total
: 480292K->37440K(486848K), 0.0528480 secs] 1819665K->1389325K(4156864K), 0.0530030 secs] [Times: user=0.22 sys=0.01, real=0.05 secs] 
958479.851: [GC 958479.851: [ParNew
Desired survivor size 19169280 bytes, new threshold 2 (max 15)
- age   1:   18525776 bytes,   18525776 total
- age   2:    4062688 bytes,   22588464 total
: 486848K->37440K(486848K), 0.0833640 secs] 1838733K->1406892K(4156864K), 0.0835230 secs] [Times: user=0.28 sys=0.01, real=0.08 secs] 
964283.664: [GC 964283.664: [ParNew
Desired survivor size 19169280 bytes, new threshold 1 (max 15)
- age   1:   23957704 bytes,   23957704 total
- age   2:     547840 bytes,   24505544 total
: 486848K->30678K(486848K), 0.0636950 secs] 1856300K->1403779K(4156864K), 0.0638540 secs] [Times: user=0.22 sys=0.01, real=0.06 secs] 
970140.723: [GC 970140.723: [ParNew
Desired survivor size 19169280 bytes, new threshold 1 (max 15)
- age   1:   24472952 bytes,   24472952 total
: 480086K->30702K(486848K), 0.0602660 secs] 1853187K->1404234K(4156864K), 0.0604180 secs] [Times: user=0.18 sys=0.00, real=0.06 secs] 
975649.290: [GC 975649.290: [ParNew
Desired survivor size 19169280 bytes, new threshold 1 (max 15)
- age   1:   23977448 bytes,   23977448 total
: 480110K->27501K(486848K), 0.0411240 secs] 1853642K->1401285K(4156864K), 0.0412350 secs] [Times: user=0.12 sys=0.00, real=0.04 secs] 
981389.712: [GC 981389.712: [ParNew
Desired survivor size 19169280 bytes, new threshold 1 (max 15)
- age   1:   23684392 bytes,   23684392 total
: 476909K->28540K(486848K), 0.0531960 secs] 1850693K->1402806K(4156864K), 0.0533530 secs] [Times: user=0.17 sys=0.00, real=0.05 secs] 
987246.070: [GC 987246.071: [ParNew
Desired survivor size 19169280 bytes, new threshold 1 (max 15)
- age   1:   26988288 bytes,   26988288 total
: 477948K->30484K(486848K), 0.0551720 secs] 1852214K->1404957K(4156864K), 0.0553360 secs] [Times: user=0.18 sys=0.00, real=0.05 secs] 
993354.248: [GC 993354.248: [ParNew
Desired survivor size 19169280 bytes, new threshold 1 (max 15)
- age   1:   25891608 bytes,   25891608 total
: 479892K->34444K(486848K), 0.0528240 secs] 1854365K->1409280K(4156864K), 0.0529400 secs] [Times: user=0.12 sys=0.00, real=0.05 secs] 
999049.267: [GC 999049.268: [ParNew
Desired survivor size 19169280 bytes, new threshold 1 (max 15)
- age   1:   27164232 bytes,   27164232 total
: 483852K->31464K(486848K), 0.0433620 secs] 1858688K->1406779K(4156864K), 0.0434740 secs] [Times: user=0.12 sys=0.00, real=0.05 secs] 
1004796.537: [GC 1004796.537: [ParNew
Desired survivor size 19169280 bytes, new threshold 1 (max 15)
- age   1:   21665448 bytes,   21665448 total
: 480872K->28191K(486848K), 0.0500670 secs] 1856187K->1403850K(4156864K), 0.0502410 secs] [Times: user=0.17 sys=0.00, real=0.05 secs] 
1010668.819: [GC 1010668.819: [ParNew
Desired survivor size 19169280 bytes, new threshold 1 (max 15)
- age   1:   24849648 bytes,   24849648 total
: 477599K->26877K(486848K), 0.0429570 secs] 1853258K->1402611K(4156864K), 0.0430900 secs] [Times: user=0.08 sys=0.01, real=0.05 secs] 
1016917.573: [GC 1016917.573: [ParNew
Desired survivor size 19169280 bytes, new threshold 1 (max 15)
- age   1:   25306536 bytes,   25306536 total
: 476285K->29031K(486848K), 0.0456910 secs] 1852019K->1404986K(4156864K), 0.0458590 secs] [Times: user=0.10 sys=0.00, real=0.05 secs] 
1022449.240: [GC 1022449.240: [ParNew
Desired survivor size 19169280 bytes, new threshold 1 (max 15)
- age   1:   25672272 bytes,   25672272 total
: 478439K->30476K(486848K), 0.0425840 secs] 1854394K->1406879K(4156864K), 0.0426960 secs] [Times: user=0.11 sys=0.00, real=0.04 secs] 
1028204.807: [GC 1028204.807: [ParNew
Desired survivor size 19169280 bytes, new threshold 1 (max 15)
- age   1:   21279200 bytes,   21279200 total
: 479884K->27864K(486848K), 0.0448770 secs] 1856287K->1404631K(4156864K), 0.0449930 secs] [Times: user=0.10 sys=0.00, real=0.05 secs] 
1034147.962: [GC 1034147.962: [ParNew
Desired survivor size 19169280 bytes, new threshold 1 (max 15)
- age   1:   25189208 bytes,   25189208 total
: 477272K->27761K(486848K), 0.0610560 secs] 1854039K->1404661K(4156864K), 0.0612070 secs] [Times: user=0.19 sys=0.00, real=0.06 secs] 
1037066.542: [GC 1037066.542: [ParNew
Desired survivor size 19169280 bytes, new threshold 1 (max 15)
- age   1:   19922256 bytes,   19922256 total
: 477169K->23498K(486848K), 0.0395450 secs] 1854069K->1400760K(4156864K), 0.0396760 secs] [Times: user=0.11 sys=0.00, real=0.04 secs] 
1037067.654: [GC 1037067.654: [ParNew
Desired survivor size 19169280 bytes, new threshold 15 (max 15)
- age   1:    6408640 bytes,    6408640 total
: 472906K->12196K(486848K), 0.2636130 secs] 1850168K->1402295K(4156864K), 0.2637130 secs] [Times: user=0.77 sys=0.02, real=0.27 secs] 
1037068.879: [GC 1037068.879: [ParNew
Desired survivor size 19169280 bytes, new threshold 15 (max 15)
- age   1:    6848016 bytes,    6848016 total
- age   2:    6339896 bytes,   13187912 total
: 461604K->14789K(486848K), 0.0159980 secs] 1851703K->1404889K(4156864K), 0.0160880 secs] [Times: user=0.06 sys=0.00, real=0.02 secs] 
1037070.258: [GC 1037070.258: [ParNew
Desired survivor size 19169280 bytes, new threshold 3 (max 15)
- age   1:    7580520 bytes,    7580520 total
- age   2:    6821600 bytes,   14402120 total
- age   3:    6327920 bytes,   20730040 total
: 464197K->23377K(486848K), 0.0227100 secs] 1854297K->1413476K(4156864K), 0.0228110 secs] [Times: user=0.08 sys=0.00, real=0.02 secs] 
1037071.380: [GC 1037071.380: [ParNew
Desired survivor size 19169280 bytes, new threshold 3 (max 15)
- age   1:    5515136 bytes,    5515136 total
- age   2:    7546864 bytes,   13062000 total
- age   3:    6813968 bytes,   19875968 total
: 472785K->31363K(486848K), 0.0466260 secs] 1862884K->1427626K(4156864K), 0.0467300 secs] [Times: user=0.11 sys=0.00, real=0.05 secs] 
1038107.626: [GC 1038107.626: [ParNew
Desired survivor size 19169280 bytes, new threshold 3 (max 15)
- age   1:   12582184 bytes,   12582184 total
- age   2:    5482440 bytes,   18064624 total
- age   3:    7529968 bytes,   25594592 total
: 480771K->37440K(486848K), 0.0397420 secs] 1877034K->1442338K(4156864K), 0.0398960 secs] [Times: user=0.21 sys=0.00, real=0.04 secs] 
1043511.272: [GC 1043511.272: [ParNew
Desired survivor size 19169280 bytes, new threshold 2 (max 15)
- age   1:   16646632 bytes,   16646632 total
- age   2:    6217568 bytes,   22864200 total
- age   3:    5482472 bytes,   28346672 total
: 486848K->37440K(486848K), 0.0749010 secs] 1891746K->1454571K(4156864K), 0.0750670 secs] [Times: user=0.28 sys=0.01, real=0.08 secs] 
1049254.206: [GC 1049254.207: [ParNew
Desired survivor size 19169280 bytes, new threshold 1 (max 15)
- age   1:   24142600 bytes,   24142600 total
- age   2:     750464 bytes,   24893064 total
: 486848K->36500K(486848K), 0.0703860 secs] 1903979K->1464815K(4156864K), 0.0705660 secs] [Times: user=0.31 sys=0.01, real=0.08 secs] 
1054849.238: [GC 1054849.238: [ParNew
Desired survivor size 19169280 bytes, new threshold 1 (max 15)
- age   1:   24205648 bytes,   24205648 total
: 485908K->27100K(486848K), 0.0416150 secs] 1914223K->1456432K(4156864K), 0.0417250 secs] [Times: user=0.12 sys=0.00, real=0.04 secs] 
1060249.743: [GC 1060249.743: [ParNew
Desired survivor size 19169280 bytes, new threshold 1 (max 15)
- age   1:   23464832 bytes,   23464832 total
: 476508K->27854K(486848K), 0.0474470 secs] 1905840K->1457545K(4156864K), 0.0475840 secs] [Times: user=0.10 sys=0.00, real=0.05 secs] 
1066469.424: [GC 1066469.424: [ParNew
Desired survivor size 19169280 bytes, new threshold 1 (max 15)
- age   1:   22467016 bytes,   22467016 total
: 477262K->28379K(486848K), 0.0627850 secs] 1906953K->1458415K(4156864K), 0.0629440 secs] [Times: user=0.19 sys=0.00, real=0.06 secs] 
1072323.038: [GC 1072323.038: [ParNew
Desired survivor size 19169280 bytes, new threshold 1 (max 15)
- age   1:   23570224 bytes,   23570224 total
: 477787K->25235K(486848K), 0.0625040 secs] 1907823K->1455352K(4156864K), 0.0627120 secs] [Times: user=0.15 sys=0.00, real=0.07 secs] 
1078249.235: [GC 1078249.235: [ParNew
Desired survivor size 19169280 bytes, new threshold 1 (max 15)
- age   1:   24808056 bytes,   24808056 total
: 474643K->28354K(486848K), 0.0478160 secs] 1904760K->1458670K(4156864K), 0.0479490 secs] [Times: user=0.10 sys=0.00, real=0.05 secs] 
1083754.206: [GC 1083754.206: [ParNew
Desired survivor size 19169280 bytes, new threshold 1 (max 15)
- age   1:   23580144 bytes,   23580144 total
: 477762K->27539K(486848K), 0.0636500 secs] 1908078K->1458319K(4156864K), 0.0638120 secs] [Times: user=0.21 sys=0.00, real=0.07 secs] 
1089814.206: [GC 1089814.206: [ParNew
Desired survivor size 19169280 bytes, new threshold 1 (max 15)
- age   1:   24983416 bytes,   24983416 total
: 476947K->30714K(486848K), 0.0453010 secs] 1907727K->1461860K(4156864K), 0.0454220 secs] [Times: user=0.10 sys=0.00, real=0.05 secs] 
1095729.087: [GC 1095729.088: [ParNew
Desired survivor size 19169280 bytes, new threshold 1 (max 15)
- age   1:   23770040 bytes,   23770040 total
: 480122K->27543K(486848K), 0.0446170 secs] 1911268K->1459022K(4156864K), 0.0447260 secs] [Times: user=0.10 sys=0.00, real=0.04 secs] 
1101649.210: [GC 1101649.211: [ParNew
Desired survivor size 19169280 bytes, new threshold 1 (max 15)
- age   1:   24839368 bytes,   24839368 total
: 476951K->29549K(486848K), 0.0534980 secs] 1908430K->1461131K(4156864K), 0.0536560 secs] [Times: user=0.17 sys=0.00, real=0.06 secs] 
1107049.287: [GC 1107049.287: [ParNew
Desired survivor size 19169280 bytes, new threshold 1 (max 15)
- age   1:   23146544 bytes,   23146544 total
: 478957K->26185K(486848K), 0.0408850 secs] 1910539K->1458132K(4156864K), 0.0409910 secs] [Times: user=0.10 sys=0.00, real=0.04 secs] 
1113284.306: [GC 1113284.306: [ParNew
Desired survivor size 19169280 bytes, new threshold 1 (max 15)
- age   1:   22054912 bytes,   22054912 total
: 475593K->26053K(486848K), 0.0582950 secs] 1907540K->1458340K(4156864K), 0.0584640 secs] [Times: user=0.17 sys=0.00, real=0.06 secs] 
1119137.964: [GC 1119137.964: [ParNew
Desired survivor size 19169280 bytes, new threshold 1 (max 15)
- age   1:   24277960 bytes,   24277960 total
: 475461K->27800K(486848K), 0.0587590 secs] 1907748K->1460159K(4156864K), 0.0589200 secs] [Times: user=0.18 sys=0.00, real=0.06 secs] 
1123466.303: [GC 1123466.303: [ParNew
Desired survivor size 19169280 bytes, new threshold 1 (max 15)
- age   1:   21951728 bytes,   21951728 total
: 477208K->23377K(486848K), 0.0382620 secs] 1909567K->1455887K(4156864K), 0.0383710 secs] [Times: user=0.09 sys=0.00, real=0.04 secs] 
1123467.423: [GC 1123467.423: [ParNew
Desired survivor size 19169280 bytes, new threshold 15 (max 15)
- age   1:    6495264 bytes,    6495264 total
: 472785K->12441K(486848K), 0.0399060 secs] 1905295K->1456157K(4156864K), 0.0400180 secs] [Times: user=0.09 sys=0.00, real=0.04 secs] 
1123468.559: [GC 1123468.559: [ParNew
Desired survivor size 19169280 bytes, new threshold 15 (max 15)
- age   1:    6961456 bytes,    6961456 total
- age   2:    6430232 bytes,   13391688 total
: 461849K->14760K(486848K), 0.0163920 secs] 1905565K->1458476K(4156864K), 0.0164910 secs] [Times: user=0.07 sys=0.00, real=0.02 secs] 
1123469.639: [GC 1123469.639: [ParNew
Desired survivor size 19169280 bytes, new threshold 3 (max 15)
- age   1:    7682792 bytes,    7682792 total
- age   2:    6899176 bytes,   14581968 total
- age   3:    6423272 bytes,   21005240 total
: 464168K->24923K(486848K), 0.0212730 secs] 1907884K->1468639K(4156864K), 0.0213840 secs] [Times: user=0.09 sys=0.00, real=0.02 secs] 
1123470.722: [GC 1123470.722: [ParNew
Desired survivor size 19169280 bytes, new threshold 3 (max 15)
- age   1:    5434624 bytes,    5434624 total
- age   2:    7652288 bytes,   13086912 total
- age   3:    6885912 bytes,   19972824 total
: 474331K->29490K(486848K), 0.0380730 secs] 1918047K->1479473K(4156864K), 0.0381970 secs] [Times: user=0.12 sys=0.00, real=0.04 secs] 
1123471.868: [GC 1123471.868: [ParNew
Desired survivor size 19169280 bytes, new threshold 3 (max 15)
- age   1:    6859680 bytes,    6859680 total
- age   2:    5400024 bytes,   12259704 total
- age   3:    7632880 bytes,   19892584 total
: 478898K->31139K(486848K), 0.2257650 secs] 1928881K->1487837K(4156864K), 0.2258710 secs] [Times: user=0.77 sys=0.01, real=0.22 secs] 
1127669.175: [GC 1127669.175: [ParNew
Desired survivor size 19169280 bytes, new threshold 1 (max 15)
- age   1:   19385424 bytes,   19385424 total
- age   2:    6831624 bytes,   26217048 total
- age   3:    5400392 bytes,   31617440 total
: 480547K->37440K(486848K), 0.0578670 secs] 1937245K->1502377K(4156864K), 0.0580240 secs] [Times: user=0.26 sys=0.00, real=0.06 secs] 
1133092.004: [GC 1133092.004: [ParNew
Desired survivor size 19169280 bytes, new threshold 1 (max 15)
- age   1:   20481600 bytes,   20481600 total
: 486848K->37439K(486848K), 0.0658050 secs] 1951785K->1517889K(4156864K), 0.0659680 secs] [Times: user=0.21 sys=0.01, real=0.06 secs] 
1138734.695: [GC 1138734.695: [ParNew
Desired survivor size 19169280 bytes, new threshold 1 (max 15)
- age   1:   24098808 bytes,   24098808 total
: 486847K->27865K(486848K), 0.0536940 secs] 1967297K->1510243K(4156864K), 0.0538510 secs] [Times: user=0.19 sys=0.00, real=0.06 secs] 
1144713.678: [GC 1144713.678: [ParNew
Desired survivor size 19169280 bytes, new threshold 1 (max 15)
- age   1:   24549552 bytes,   24549552 total
: 477273K->29457K(486848K), 0.0453720 secs] 1959651K->1512315K(4156864K), 0.0454840 secs] [Times: user=0.12 sys=0.00, real=0.04 secs] 
1150249.257: [GC 1150249.257: [ParNew
Desired survivor size 19169280 bytes, new threshold 1 (max 15)
- age   1:   26520832 bytes,   26520832 total
: 478865K->32087K(486848K), 0.0417740 secs] 1961723K->1515274K(4156864K), 0.0418840 secs] [Times: user=0.12 sys=0.00, real=0.04 secs] 
1156039.512: [GC 1156039.512: [ParNew
Desired survivor size 19169280 bytes, new threshold 1 (max 15)
- age   1:   23966952 bytes,   23966952 total
: 481495K->26766K(486848K), 0.0469930 secs] 1964682K->1510296K(4156864K), 0.0472350 secs] [Times: user=0.10 sys=0.00, real=0.05 secs] 
1161905.590: [GC 1161905.590: [ParNew
Desired survivor size 19169280 bytes, new threshold 1 (max 15)
- age   1:   22766320 bytes,   22766320 total
: 476174K->31254K(486848K), 0.0585280 secs] 1959704K->1515058K(4156864K), 0.0586860 secs] [Times: user=0.19 sys=0.00, real=0.06 secs] 
1168015.809: [GC 1168015.809: [ParNew
Desired survivor size 19169280 bytes, new threshold 1 (max 15)
- age   1:   25167144 bytes,   25167144 total
: 480662K->28260K(486848K), 0.0550310 secs] 1964466K->1512202K(4156864K), 0.0551900 secs] [Times: user=0.19 sys=0.00, real=0.06 secs] 
1173649.236: [GC 1173649.236: [ParNew
Desired survivor size 19169280 bytes, new threshold 1 (max 15)
- age   1:   24569120 bytes,   24569120 total
: 477668K->29213K(486848K), 0.0435150 secs] 1961610K->1513513K(4156864K), 0.0436260 secs] [Times: user=0.10 sys=0.00, real=0.05 secs] 
1179349.386: [GC 1179349.386: [ParNew
Desired survivor size 19169280 bytes, new threshold 1 (max 15)
- age   1:   23729048 bytes,   23729048 total
: 478621K->29961K(486848K), 0.0543710 secs] 1962921K->1514624K(4156864K), 0.0545290 secs] [Times: user=0.17 sys=0.00, real=0.05 secs] 
1185329.747: [GC 1185329.747: [ParNew
Desired survivor size 19169280 bytes, new threshold 1 (max 15)
- age   1:   24891808 bytes,   24891808 total
: 479369K->29576K(486848K), 0.0565200 secs] 1964032K->1514580K(4156864K), 0.0566840 secs] [Times: user=0.18 sys=0.00, real=0.05 secs] 
1191447.509: [GC 1191447.509: [ParNew
Desired survivor size 19169280 bytes, new threshold 1 (max 15)
- age   1:   25505400 bytes,   25505400 total
: 478984K->29858K(486848K), 0.0576370 secs] 1963988K->1515087K(4156864K), 0.0578290 secs] [Times: user=0.17 sys=0.00, real=0.06 secs] 
1197049.272: [GC 1197049.272: [ParNew
Desired survivor size 19169280 bytes, new threshold 1 (max 15)
- age   1:   25929976 bytes,   25929976 total
: 479266K->30164K(486848K), 0.0429330 secs] 1964495K->1515843K(4156864K), 0.0430430 secs] [Times: user=0.10 sys=0.00, real=0.04 secs] 
1202866.263: [GC 1202866.263: [ParNew
Desired survivor size 19169280 bytes, new threshold 1 (max 15)
- age   1:   23833976 bytes,   23833976 total
: 479572K->28857K(486848K), 0.0519700 secs] 1965251K->1514879K(4156864K), 0.0520790 secs] [Times: user=0.14 sys=0.00, real=0.05 secs] 
1208747.922: [GC 1208747.922: [ParNew
Desired survivor size 19169280 bytes, new threshold 1 (max 15)
- age   1:   24554320 bytes,   24554320 total
: 478265K->31101K(486848K), 0.0568870 secs] 1964287K->1517404K(4156864K), 0.0570530 secs] [Times: user=0.18 sys=0.00, real=0.05 secs] 
1209866.864: [GC 1209866.864: [ParNew
Desired survivor size 19169280 bytes, new threshold 15 (max 15)
- age   1:   15011776 bytes,   15011776 total
: 480509K->17581K(486848K), 0.0212960 secs] 1966812K->1506333K(4156864K), 0.0214310 secs] [Times: user=0.08 sys=0.00, real=0.02 secs] 
1209867.879: [GC 1209867.879: [ParNew
Desired survivor size 19169280 bytes, new threshold 15 (max 15)
- age   1:    6348768 bytes,    6348768 total
- age   2:   12662208 bytes,   19010976 total
: 466989K->24825K(486848K), 0.0155260 secs] 1955741K->1513578K(4156864K), 0.0156060 secs] [Times: user=0.08 sys=0.00, real=0.02 secs] 
1209868.930: [GC 1209868.930: [ParNew
Desired survivor size 19169280 bytes, new threshold 3 (max 15)
- age   1:    7355336 bytes,    7355336 total
- age   2:    6308552 bytes,   13663888 total
- age   3:   12657176 bytes,   26321064 total
: 474233K->29169K(486848K), 0.0239770 secs] 1962986K->1517921K(4156864K), 0.0240620 secs] [Times: user=0.09 sys=0.00, real=0.03 secs] 
1209870.225: [GC 1209870.225: [ParNew
Desired survivor size 19169280 bytes, new threshold 3 (max 15)
- age   1:    6457792 bytes,    6457792 total
- age   2:    7326928 bytes,   13784720 total
- age   3:    6290680 bytes,   20075400 total
: 478577K->32239K(486848K), 0.0816280 secs] 1967329K->1533373K(4156864K), 0.0817560 secs] [Times: user=0.18 sys=0.00, real=0.08 secs] 
1209871.421: [GC 1209871.421: [ParNew
Desired survivor size 19169280 bytes, new threshold 3 (max 15)
- age   1:    6371552 bytes,    6371552 total
- age   2:    6408976 bytes,   12780528 total
- age   3:    7322040 bytes,   20102568 total
: 481647K->30842K(486848K), 0.0640820 secs] 1982781K->1538107K(4156864K), 0.0642020 secs] [Times: user=0.27 sys=0.00, real=0.07 secs] 
1212157.194: [GC 1212157.194: [ParNew
Desired survivor size 19169280 bytes, new threshold 2 (max 15)
- age   1:   13555592 bytes,   13555592 total
- age   2:    6338232 bytes,   19893824 total
- age   3:    6393640 bytes,   26287464 total
: 480250K->37439K(486848K), 0.0572680 secs] 1987515K->1556611K(4156864K), 0.0574250 secs] [Times: user=0.26 sys=0.01, real=0.06 secs] 
1217683.451: [GC 1217683.451: [ParNew
Desired survivor size 19169280 bytes, new threshold 2 (max 15)
- age   1:   18187272 bytes,   18187272 total
- age   2:    4132712 bytes,   22319984 total
: 486847K->37440K(486848K), 0.0796920 secs] 2006019K->1574780K(4156864K), 0.0798750 secs] [Times: user=0.28 sys=0.01, real=0.08 secs] 
1223190.142: [GC 1223190.142: [ParNew
Desired survivor size 19169280 bytes, new threshold 1 (max 15)
- age   1:   23783272 bytes,   23783272 total
- age   2:    1396136 bytes,   25179408 total
: 486848K->32946K(486848K), 0.0506770 secs] 2024188K->1574046K(4156864K), 0.0508370 secs] [Times: user=0.18 sys=0.00, real=0.06 secs] 
1229065.661: [GC 1229065.661: [ParNew
Desired survivor size 19169280 bytes, new threshold 1 (max 15)
- age   1:   24398240 bytes,   24398240 total
: 482354K->27123K(486848K), 0.0518150 secs] 2023454K->1569828K(4156864K), 0.0519830 secs] [Times: user=0.16 sys=0.00, real=0.05 secs] 
1234849.261: [GC 1234849.261: [ParNew
Desired survivor size 19169280 bytes, new threshold 1 (max 15)
- age   1:   25269016 bytes,   25269016 total
: 476531K->31204K(486848K), 0.0495840 secs] 2019236K->1574221K(4156864K), 0.0497170 secs] [Times: user=0.10 sys=0.00, real=0.05 secs] 
1238433.706: [GC 1238433.706: [ParNew
Desired survivor size 19169280 bytes, new threshold 1 (max 15)
- age   1:   21836696 bytes,   21836696 total
: 480612K->24358K(486848K), 0.0492450 secs] 2023629K->1567801K(4156864K), 0.0493680 secs] [Times: user=0.10 sys=0.00, real=0.05 secs] 
1238653.348: [GC 1238653.348: [ParNew
Desired survivor size 19169280 bytes, new threshold 1 (max 15)
- age   1:   24597904 bytes,   24597904 total
: 473766K->29625K(486848K), 0.0746370 secs] 2017209K->1584245K(4156864K), 0.0747800 secs] [Times: user=0.15 sys=0.00, real=0.07 secs] 
1238687.632: [GC 1238687.632: [ParNew
Desired survivor size 19169280 bytes, new threshold 1 (max 15)
- age   1:   32292704 bytes,   32292704 total
: 479033K->37440K(486848K), 0.2853480 secs] 2033653K->1619946K(4156864K), 0.2855060 secs] [Times: user=0.38 sys=0.01, real=0.28 secs] 
1238745.902: [GC 1238745.902: [ParNew
Desired survivor size 19169280 bytes, new threshold 15 (max 15)
- age   1:   13203544 bytes,   13203544 total
: 486848K->20665K(486848K), 0.0557170 secs] 2069354K->1618969K(4156864K), 0.0558320 secs] [Times: user=0.15 sys=0.00, real=0.05 secs] 
1238752.775: [GC 1238752.775: [ParNew
Desired survivor size 19169280 bytes, new threshold 2 (max 15)
- age   1:   18756656 bytes,   18756656 total
- age   2:    8555656 bytes,   27312312 total
: 470073K->30577K(486848K), 0.0409280 secs] 2068377K->1628880K(4156864K), 0.0410860 secs] [Times: user=0.15 sys=0.00, real=0.04 secs] 
1238767.406: [GC 1238767.406: [ParNew
Desired survivor size 19169280 bytes, new threshold 2 (max 15)
- age   1:   15704416 bytes,   15704416 total
- age   2:    6842912 bytes,   22547328 total
: 479985K->30984K(486848K), 0.0640260 secs] 2078288K->1636934K(4156864K), 0.0641680 secs] [Times: user=0.18 sys=0.00, real=0.06 secs] 
1238773.922: [GC 1238773.922: [ParNew
Desired survivor size 19169280 bytes, new threshold 15 (max 15)
- age   1:    3804416 bytes,    3804416 total
- age   2:   10167608 bytes,   13972024 total
: 480392K->25767K(486848K), 0.0546170 secs] 2086342K->1638456K(4156864K), 0.0547640 secs] [Times: user=0.14 sys=0.00, real=0.06 secs] 
1238781.744: [GC 1238781.744: [ParNew
Desired survivor size 19169280 bytes, new threshold 15 (max 15)
- age   1:    3841152 bytes,    3841152 total
- age   2:    2104016 bytes,    5945168 total
- age   3:    9896136 bytes,   15841304 total
: 475175K->18576K(486848K), 0.0330650 secs] 2087864K->1631265K(4156864K), 0.0331840 secs] [Times: user=0.10 sys=0.00, real=0.04 secs] 
1238788.302: [GC 1238788.303: [ParNew
Desired survivor size 19169280 bytes, new threshold 15 (max 15)
- age   1:    3950792 bytes,    3950792 total
- age   2:    1932664 bytes,    5883456 total
- age   3:    1973184 bytes,    7856640 total
- age   4:    9895840 bytes,   17752480 total
: 467984K->21965K(486848K), 0.0277750 secs] 2080673K->1634654K(4156864K), 0.0278910 secs] [Times: user=0.09 sys=0.01, real=0.03 secs] 
1238794.646: [GC 1238794.646: [ParNew
Desired survivor size 19169280 bytes, new threshold 5 (max 15)
- age   1:    4006880 bytes,    4006880 total
- age   2:    2092200 bytes,    6099080 total
- age   3:    1883808 bytes,    7982888 total
- age   4:    1962440 bytes,    9945328 total
- age   5:    9894152 bytes,   19839480 total
: 471373K->22178K(486848K), 0.1095230 secs] 2084062K->1634867K(4156864K), 0.1096980 secs] [Times: user=0.11 sys=0.00, real=0.11 secs] 
1238801.611: [GC 1238801.611: [ParNew
Desired survivor size 19169280 bytes, new threshold 15 (max 15)
- age   1:    3760976 bytes,    3760976 total
- age   2:    2125984 bytes,    5886960 total
- age   3:    2013304 bytes,    7900264 total
- age   4:    1881960 bytes,    9782224 total
- age   5:    1961672 bytes,   11743896 total
: 471586K->22949K(486848K), 0.1893560 secs] 2084275K->1645457K(4156864K), 0.1894950 secs] [Times: user=0.43 sys=0.01, real=0.19 secs] 
1238811.475: [GC 1238811.475: [ParNew
Desired survivor size 19169280 bytes, new threshold 15 (max 15)
- age   1:    4237016 bytes,    4237016 total
- age   2:    1985656 bytes,    6222672 total
- age   3:    1990696 bytes,    8213368 total
- age   4:    1969728 bytes,   10183096 total
- age   5:    1877952 bytes,   12061048 total
- age   6:    1906320 bytes,   13967368 total
: 472357K->15485K(486848K), 0.0490570 secs] 2094865K->1637993K(4156864K), 0.0492230 secs] [Times: user=0.09 sys=0.00, real=0.05 secs] 
1238830.272: [GC 1238830.272: [ParNew
Desired survivor size 19169280 bytes, new threshold 15 (max 15)
- age   1:    4757632 bytes,    4757632 total
- age   2:    2512000 bytes,    7269632 total
- age   3:    1976160 bytes,    9245792 total
- age   4:    1987808 bytes,   11233600 total
- age   5:    1865184 bytes,   13098784 total
- age   6:    1877952 bytes,   14976736 total
- age   7:    1906216 bytes,   16882952 total
: 464893K->18227K(486848K), 0.0389620 secs] 2087401K->1640735K(4156864K), 0.0391120 secs] [Times: user=0.11 sys=0.00, real=0.04 secs] 
1238861.767: [GC 1238861.767: [ParNew
Desired survivor size 19169280 bytes, new threshold 2 (max 15)
- age   1:   17225960 bytes,   17225960 total
- age   2:    2897728 bytes,   20123688 total
- age   3:    2486216 bytes,   22609904 total
- age   4:    1976096 bytes,   24586000 total
- age   5:    1987304 bytes,   26573304 total
- age   6:    1865184 bytes,   28438488 total
- age   7:    1877784 bytes,   30316272 total
- age   8:    1899080 bytes,   32215352 total
: 467635K->37440K(486848K), 0.0648440 secs] 2090143K->1662104K(4156864K), 0.0650030 secs] [Times: user=0.15 sys=0.00, real=0.07 secs] 
1238981.079: [GC 1238981.079: [ParNew
Desired survivor size 19169280 bytes, new threshold 2 (max 15)
- age   1:   13062912 bytes,   13062912 total
- age   2:   10690016 bytes,   23752928 total
: 486842K->37440K(486848K), 0.1165030 secs] 2111507K->1679723K(4156864K), 0.1166550 secs] [Times: user=0.25 sys=0.00, real=0.11 secs] 
1243850.714: [GC 1243850.714: [ParNew
Desired survivor size 19169280 bytes, new threshold 2 (max 15)
- age   1:   14348568 bytes,   14348568 total
- age   2:   10381008 bytes,   24729576 total
: 486848K->37439K(486848K), 0.0783550 secs] 2129131K->1700358K(4156864K), 0.0784840 secs] [Times: user=0.18 sys=0.01, real=0.08 secs] 
1249935.843: [GC 1249935.843: [ParNew
Desired survivor size 19169280 bytes, new threshold 1 (max 15)
- age   1:   24624928 bytes,   24624928 total
- age   2:    1192248 bytes,   25817176 total
: 486847K->37440K(486848K), 0.1669460 secs] 2149766K->1711402K(4156864K), 0.1671140 secs]